Archive member included because of file (symbol)

/opt/gcc-arm-none-eabi-4_9-2015q3/bin/../lib/gcc/arm-none-eabi/4.9.3/armv7-m/libgcc.a(unwind-arm.o)
                              build/obj/i2c.o (__aeabi_unwind_cpp_pr0)
/opt/gcc-arm-none-eabi-4_9-2015q3/bin/../lib/gcc/arm-none-eabi/4.9.3/armv7-m/libgcc.a(libunwind.o)
                              /opt/gcc-arm-none-eabi-4_9-2015q3/bin/../lib/gcc/arm-none-eabi/4.9.3/armv7-m/libgcc.a(unwind-arm.o) (restore_core_regs)
/opt/gcc-arm-none-eabi-4_9-2015q3/bin/../lib/gcc/arm-none-eabi/4.9.3/armv7-m/libgcc.a(pr-support.o)
                              /opt/gcc-arm-none-eabi-4_9-2015q3/bin/../lib/gcc/arm-none-eabi/4.9.3/armv7-m/libgcc.a(unwind-arm.o) (__gnu_unwind_execute)
/opt/gcc-arm-none-eabi-4_9-2015q3/bin/../lib/gcc/arm-none-eabi/4.9.3/../../../../arm-none-eabi/lib/armv7-m/libc_nano.a(lib_a-abort.o)
                              /opt/gcc-arm-none-eabi-4_9-2015q3/bin/../lib/gcc/arm-none-eabi/4.9.3/armv7-m/libgcc.a(unwind-arm.o) (abort)
/opt/gcc-arm-none-eabi-4_9-2015q3/bin/../lib/gcc/arm-none-eabi/4.9.3/../../../../arm-none-eabi/lib/armv7-m/libc_nano.a(lib_a-assert.o)
                              build/obj/atmel_adc.o (__assert_func)
/opt/gcc-arm-none-eabi-4_9-2015q3/bin/../lib/gcc/arm-none-eabi/4.9.3/../../../../arm-none-eabi/lib/armv7-m/libc_nano.a(lib_a-fprintf.o)
                              /opt/gcc-arm-none-eabi-4_9-2015q3/bin/../lib/gcc/arm-none-eabi/4.9.3/../../../../arm-none-eabi/lib/armv7-m/libc_nano.a(lib_a-assert.o) (fiprintf)
/opt/gcc-arm-none-eabi-4_9-2015q3/bin/../lib/gcc/arm-none-eabi/4.9.3/../../../../arm-none-eabi/lib/armv7-m/libc_nano.a(lib_a-impure.o)
                              /opt/gcc-arm-none-eabi-4_9-2015q3/bin/../lib/gcc/arm-none-eabi/4.9.3/../../../../arm-none-eabi/lib/armv7-m/libc_nano.a(lib_a-assert.o) (_impure_ptr)
/opt/gcc-arm-none-eabi-4_9-2015q3/bin/../lib/gcc/arm-none-eabi/4.9.3/../../../../arm-none-eabi/lib/armv7-m/libc_nano.a(lib_a-memcpy.o)
                              /opt/gcc-arm-none-eabi-4_9-2015q3/bin/../lib/gcc/arm-none-eabi/4.9.3/armv7-m/libgcc.a(unwind-arm.o) (memcpy)
/opt/gcc-arm-none-eabi-4_9-2015q3/bin/../lib/gcc/arm-none-eabi/4.9.3/../../../../arm-none-eabi/lib/armv7-m/libc_nano.a(lib_a-memset.o)
                              build/obj/syscalls.o (memset)
/opt/gcc-arm-none-eabi-4_9-2015q3/bin/../lib/gcc/arm-none-eabi/4.9.3/../../../../arm-none-eabi/lib/armv7-m/libc_nano.a(lib_a-nano-vfprintf.o)
                              /opt/gcc-arm-none-eabi-4_9-2015q3/bin/../lib/gcc/arm-none-eabi/4.9.3/../../../../arm-none-eabi/lib/armv7-m/libc_nano.a(lib_a-fprintf.o) (_vfprintf_r)
/opt/gcc-arm-none-eabi-4_9-2015q3/bin/../lib/gcc/arm-none-eabi/4.9.3/../../../../arm-none-eabi/lib/armv7-m/libc_nano.a(lib_a-nano-vfprintf_i.o)
                              /opt/gcc-arm-none-eabi-4_9-2015q3/bin/../lib/gcc/arm-none-eabi/4.9.3/../../../../arm-none-eabi/lib/armv7-m/libc_nano.a(lib_a-nano-vfprintf.o) (_printf_i)
/opt/gcc-arm-none-eabi-4_9-2015q3/bin/../lib/gcc/arm-none-eabi/4.9.3/../../../../arm-none-eabi/lib/armv7-m/libc_nano.a(lib_a-signal.o)
                              /opt/gcc-arm-none-eabi-4_9-2015q3/bin/../lib/gcc/arm-none-eabi/4.9.3/../../../../arm-none-eabi/lib/armv7-m/libc_nano.a(lib_a-abort.o) (raise)
/opt/gcc-arm-none-eabi-4_9-2015q3/bin/../lib/gcc/arm-none-eabi/4.9.3/../../../../arm-none-eabi/lib/armv7-m/libc_nano.a(lib_a-signalr.o)
                              /opt/gcc-arm-none-eabi-4_9-2015q3/bin/../lib/gcc/arm-none-eabi/4.9.3/../../../../arm-none-eabi/lib/armv7-m/libc_nano.a(lib_a-signal.o) (_kill_r)
/opt/gcc-arm-none-eabi-4_9-2015q3/bin/../lib/gcc/arm-none-eabi/4.9.3/../../../../arm-none-eabi/lib/armv7-m/libc_nano.a(lib_a-wbuf.o)
                              /opt/gcc-arm-none-eabi-4_9-2015q3/bin/../lib/gcc/arm-none-eabi/4.9.3/../../../../arm-none-eabi/lib/armv7-m/libc_nano.a(lib_a-nano-vfprintf.o) (__swbuf_r)
/opt/gcc-arm-none-eabi-4_9-2015q3/bin/../lib/gcc/arm-none-eabi/4.9.3/../../../../arm-none-eabi/lib/armv7-m/libc_nano.a(lib_a-wsetup.o)
                              /opt/gcc-arm-none-eabi-4_9-2015q3/bin/../lib/gcc/arm-none-eabi/4.9.3/../../../../arm-none-eabi/lib/armv7-m/libc_nano.a(lib_a-nano-vfprintf.o) (__swsetup_r)
/opt/gcc-arm-none-eabi-4_9-2015q3/bin/../lib/gcc/arm-none-eabi/4.9.3/../../../../arm-none-eabi/lib/armv7-m/libc_nano.a(lib_a-fflush.o)
                              /opt/gcc-arm-none-eabi-4_9-2015q3/bin/../lib/gcc/arm-none-eabi/4.9.3/../../../../arm-none-eabi/lib/armv7-m/libc_nano.a(lib_a-wbuf.o) (_fflush_r)
/opt/gcc-arm-none-eabi-4_9-2015q3/bin/../lib/gcc/arm-none-eabi/4.9.3/../../../../arm-none-eabi/lib/armv7-m/libc_nano.a(lib_a-findfp.o)
                              /opt/gcc-arm-none-eabi-4_9-2015q3/bin/../lib/gcc/arm-none-eabi/4.9.3/../../../../arm-none-eabi/lib/armv7-m/libc_nano.a(lib_a-nano-vfprintf.o) (__sinit)
/opt/gcc-arm-none-eabi-4_9-2015q3/bin/../lib/gcc/arm-none-eabi/4.9.3/../../../../arm-none-eabi/lib/armv7-m/libc_nano.a(lib_a-fvwrite.o)
[...]
Memory Configuration

Name             Origin             Length             Attributes
flash            0x00400000         0x00020000
ram              0x20000000         0x00008000
*default*        0x00000000         0xffffffff

Linker script and memory map

LOAD build/obj/crt0.o
LOAD build/obj/vectors.o
LOAD build/obj/chcore.o
LOAD build/obj/chcore_v7m.o
LOAD build/obj/nvic.o
LOAD build/obj/chsys.o
LOAD build/obj/chlists.o
LOAD build/obj/chvt.o
LOAD build/obj/chschd.o
LOAD build/obj/chthreads.o
LOAD build/obj/chdynamic.o
LOAD build/obj/chregistry.o
LOAD build/obj/chsem.o
LOAD build/obj/chmtx.o
LOAD build/obj/chcond.o
LOAD build/obj/chevents.o
LOAD build/obj/chmsg.o
LOAD build/obj/chmboxes.o
LOAD build/obj/chqueues.o
LOAD build/obj/chmemcore.o
LOAD build/obj/chheap.o
LOAD build/obj/chmempools.o
LOAD build/obj/hal.o
LOAD build/obj/pal.o
LOAD build/obj/serial.o
LOAD build/obj/hal_lld.o
LOAD build/obj/system_SAM3.o
LOAD build/obj/pal_lld.o
LOAD build/obj/serial_lld.o
LOAD build/obj/atmel_adc.o
LOAD build/obj/pio.o
LOAD build/obj/pmc.o
LOAD build/obj/atmel_twi.o
LOAD build/obj/atmel_twid.o
LOAD build/obj/board.o
LOAD build/obj/evtimer.o
LOAD build/obj/syscalls.o
LOAD build/obj/chprintf.o
LOAD build/obj/i2c.o
LOAD build/obj/psram.o
LOAD build/obj/rtc.o
LOAD build/obj/main.o
LOAD /opt/gcc-arm-none-eabi-4_9-2015q3/bin/../lib/gcc/arm-none-eabi/4.9.3/../../../../arm-none-eabi/lib/armv7-m/libstdc++_nano.a
LOAD /opt/gcc-arm-none-eabi-4_9-2015q3/bin/../lib/gcc/arm-none-eabi/4.9.3/../../../../arm-none-eabi/lib/armv7-m/libm.a
START GROUP
LOAD /opt/gcc-arm-none-eabi-4_9-2015q3/bin/../lib/gcc/arm-none-eabi/4.9.3/armv7-m/libgcc.a
LOAD /opt/gcc-arm-none-eabi-4_9-2015q3/bin/../lib/gcc/arm-none-eabi/4.9.3/../../../../arm-none-eabi/lib/armv7-m/libc_nano.a
END GROUP
START GROUP
LOAD /opt/gcc-arm-none-eabi-4_9-2015q3/bin/../lib/gcc/arm-none-eabi/4.9.3/armv7-m/libgcc.a
LOAD /opt/gcc-arm-none-eabi-4_9-2015q3/bin/../lib/gcc/arm-none-eabi/4.9.3/../../../../arm-none-eabi/lib/armv7-m/libc_nano.a
END GROUP
                0x00000400                __main_stack_size__ = 0x400
                0x00000400                __process_stack_size__ = 0x400
                0x00000800                __stacks_total_size__ = (__main_stack_size__ + __process_stack_size__)
                0x20000000                __ram_start__ = ORIGIN (ram)
                0x00008000                __ram_size__ = 0x8000
                0x20008000                __ram_end__ = (__ram_start__ + __ram_size__)
                0x00000000                . = 0x0
                0x00000000                _text = .

startup         0x00400000       0xd0
 *(vectors)
 vectors        0x00400000       0xd0 build/obj/vectors.o
                0x00400000                _vectors

constructors    0x004000d0        0x0
                0x004000d0                PROVIDE (__init_array_start, .)
 *(SORT(.init_array.*))
 *(.init_array)
                0x004000d0                PROVIDE (__init_array_end, .)

destructors     0x004000d0        0x0
                0x004000d0                PROVIDE (__fini_array_start, .)
 *(.fini_array)
 *(SORT(.fini_array.*))
                0x004000d0                PROVIDE (__fini_array_end, .)

.text           0x004000d0     0x3df0
 *(.text.startup.*)
 .text.startup.main
                0x004000d0       0x4c build/obj/main.o
                0x004000d0                main
 *(.text)
 *fill*         0x0040011c        0x4 
 .text          0x00400120      0xa54 /opt/gcc-arm-none-eabi-4_9-2015q3/bin/../lib/gcc/arm-none-eabi/4.9.3/armv7-m/libgcc.a(unwind-arm.o)
                0x00400400                _Unwind_GetCFA
                0x00400404                __gnu_Unwind_RaiseException
                0x00400464                __gnu_Unwind_ForcedUnwind
                0x00400478                __gnu_Unwind_Resume
                0x004004bc                __gnu_Unwind_Resume_or_Rethrow
                0x004004d0                _Unwind_Complete
                0x004004d4                _Unwind_DeleteException
                0x004004e0                _Unwind_VRS_Get
                0x00400530                _Unwind_VRS_Set
                0x00400580                __gnu_Unwind_Backtrace
                0x004008c4                __aeabi_unwind_cpp_pr0
                0x004008c8                __aeabi_unwind_cpp_pr1
                0x004008cc                __aeabi_unwind_cpp_pr2
                0x004008d0                _Unwind_VRS_Pop
 *fill*         0x00400b74        0xc 
 .text          0x00400b80      0x1ac /opt/gcc-arm-none-eabi-4_9-2015q3/bin/../lib/gcc/arm-none-eabi/4.9.3/armv7-m/libgcc.a(libunwind.o)
                0x00400b80                __restore_core_regs
                0x00400b80                restore_core_regs
                0x00400b98                __gnu_Unwind_Restore_VFP
                0x00400ba0                __gnu_Unwind_Save_VFP
                0x00400ba8                __gnu_Unwind_Restore_VFP_D
                0x00400bb0                __gnu_Unwind_Save_VFP_D
                0x00400bb8                __gnu_Unwind_Restore_VFP_D_16_to_31
                0x00400bc0                __gnu_Unwind_Save_VFP_D_16_to_31
                0x00400bc8                __gnu_Unwind_Restore_WMMXD
                0x00400c0c                __gnu_Unwind_Save_WMMXD
                0x00400c50                __gnu_Unwind_Restore_WMMXC
                0x00400c64                __gnu_Unwind_Save_WMMXC
                0x00400c78                ___Unwind_RaiseException
                0x00400c78                _Unwind_RaiseException
                0x00400c9c                ___Unwind_Resume
                0x00400c9c                _Unwind_Resume
                0x00400cc0                _Unwind_Resume_or_Rethrow
                0x00400cc0                ___Unwind_Resume_or_Rethrow
                0x00400ce4                ___Unwind_ForcedUnwind
                0x00400ce4                _Unwind_ForcedUnwind
                0x00400d08                _Unwind_Backtrace
                0x00400d08                ___Unwind_Backtrace
 *fill*         0x00400d2c        0x4 
 .text          0x00400d30      0x37c /opt/gcc-arm-none-eabi-4_9-2015q3/bin/../lib/gcc/arm-none-eabi/4.9.3/armv7-m/libgcc.a(pr-support.o)
                0x00400d88                __gnu_unwind_execute
                0x00401054                __gnu_unwind_frame
                0x0040107c                _Unwind_GetRegionStart
                0x00401088                _Unwind_GetLanguageSpecificData
                0x0040109c                _Unwind_GetDataRelBase
                0x004010a4                _Unwind_GetTextRelBase
 *(.text.*)
 *fill*         0x004010ac        0x4 
 .text.__late_init
                0x004010b0        0x4 build/obj/crt0.o
                0x004010b0                __late_init
 *fill*         0x004010b4        0xc 
 .text._default_exit
                0x004010c0        0x4 build/obj/crt0.o
                0x004010c0                _default_exit
 *fill*         0x004010c4        0xc 
 .text.ResetHandler
                0x004010d0      0x108 build/obj/crt0.o
                0x004010d0                ResetHandler
 *fill*         0x004011d8        0x8 
 .text._unhandled_exception
                0x004011e0        0x4 build/obj/vectors.o
                0x004011e0                Vector58
                0x004011e0                Vector9C
                0x004011e0                VectorAC
                0x004011e0                Vector5C
                0x004011e0                NMIVector
                0x004011e0                Vector8C
                0x004011e0                VectorC8
                0x004011e0                Vector94
                0x004011e0                VectorA8
                0x004011e0                VectorB4
                0x004011e0                Vector74
                0x004011e0                UsageFaultVector
                0x004011e0                DebugMonitorVector
                0x004011e0                Vector40
                0x004011e0                VectorBC
                0x004011e0                PendSVVector
                0x004011e0                VectorCC
                0x004011e0                Vector54
                0x004011e0                Vector98
                0x004011e0                Vector24
                0x004011e0                Vector84
                0x004011e0                BusFaultVector
                0x004011e0                VectorC0
                0x004011e0                HardFaultVector
                0x004011e0                MemManageVector
                0x004011e0                Vector6C
                0x004011e0                VectorA0
                0x004011e0                VectorC4
                0x004011e0                Vector7C
                0x004011e0                VectorB0
                0x004011e0                Vector90
                0x004011e0                Vector1C
                0x004011e0                Vector48
                0x004011e0                Vector70
                0x004011e0                Vector4C
                0x004011e0                Vector80
                0x004011e0                Vector68
                0x004011e0                Vector78
                0x004011e0                _unhandled_exception
                0x004011e0                Vector88
                0x004011e0                Vector50
                0x004011e0                Vector44
                0x004011e0                Vector28
                0x004011e0                VectorB8
                0x004011e0                Vector34
                0x004011e0                VectorA4
                0x004011e0                Vector20
 *fill*         0x004011e4        0xc 
 .text._port_switch_from_isr
                0x004011f0        0x8 build/obj/chcore_v7m.o
                0x004011f0                _port_switch_from_isr
 *fill*         0x004011f8        0x8 
 .text.SVCallVector
                0x00401200       0x14 build/obj/chcore_v7m.o
                0x00401200                SVCallVector
 *fill*         0x00401214        0xc 
 .text._port_init
                0x00401220       0x34 build/obj/chcore_v7m.o
                0x00401220                _port_init
 *fill*         0x00401254        0xc 
 .text._port_irq_epilogue
                0x00401260       0x74 build/obj/chcore_v7m.o
                0x00401260                _port_irq_epilogue
 *fill*         0x004012d4        0xc 
 .text.SysTickVector
                0x004012e0       0x1c build/obj/chcore_v7m.o
                0x004012e0                SysTickVector
 *fill*         0x004012fc        0x4 
 .text._port_switch
                0x00401300       0x10 build/obj/chcore_v7m.o
                0x00401300                _port_switch
 .text._port_thread_start
                0x00401310       0x10 build/obj/chcore_v7m.o
                0x00401310                _port_thread_start
 .text.nvicEnableVector
                0x00401320       0x48 build/obj/nvic.o
                0x00401320                nvicEnableVector
 *fill*         0x00401368        0x8 
 .text.nvicSetSystemHandlerPriority
                0x00401370       0x2c build/obj/nvic.o
                0x00401370                nvicSetSystemHandlerPriority
 *fill*         0x0040139c        0x4 
 .text._idle_thread
                0x004013a0       0x14 build/obj/chsys.o
                0x004013a0                _idle_thread
 *fill*         0x004013b4        0xc 
 .text.chSysInit
                0x004013c0       0x5c build/obj/chsys.o
                0x004013c0                chSysInit
 *fill*         0x0040141c        0x4 
 .text.chSysTimerHandlerI
                0x00401420       0x50 build/obj/chsys.o
                0x00401420                chSysTimerHandlerI
 .text._vt_init
                0x00401470       0x18 build/obj/chvt.o
                0x00401470                _vt_init
 *fill*         0x00401488        0x8 
 .text.chVTSetI
                0x00401490       0x3c build/obj/chvt.o
                0x00401490                chVTSetI
 *fill*         0x004014cc        0x4 
 .text.chVTResetI
                0x004014d0       0x24 build/obj/chvt.o
                0x004014d0                chVTResetI
 *fill*         0x004014f4        0xc 
 .text.wakeup   0x00401500       0x58 build/obj/chschd.o
 *fill*         0x00401558        0x8 
 .text._scheduler_init
                0x00401560       0x18 build/obj/chschd.o
                0x00401560                _scheduler_init
 *fill*         0x00401578        0x8 
 .text.chSchReadyI
                0x00401580       0x2c build/obj/chschd.o
                0x00401580                chSchReadyI
 *fill*         0x004015ac        0x4 
 .text.chSchGoSleepS
                0x004015b0       0x28 build/obj/chschd.o
                0x004015b0                chSchGoSleepS
 *fill*         0x004015d8        0x8 
 .text.chSchGoSleepTimeoutS
                0x004015e0       0x44 build/obj/chschd.o
                0x004015e0                chSchGoSleepTimeoutS
 *fill*         0x00401624        0xc 
 .text.chSchWakeupS
                0x00401630       0x5c build/obj/chschd.o
                0x00401630                chSchWakeupS
 *fill*         0x0040168c        0x4 
 .text.chSchDoReschedule
                0x00401690       0x48 build/obj/chschd.o
                0x00401690                chSchDoReschedule
 *fill*         0x004016d8        0x8 
 .text._thread_init
                0x004016e0       0x44 build/obj/chthreads.o
                0x004016e0                _thread_init
 *fill*         0x00401724        0xc 
 .text.chThdCreateStatic
                0x00401730       0x80 build/obj/chthreads.o
                0x00401730                chThdCreateStatic
 .text.chThdExitS
                0x004017b0       0x40 build/obj/chthreads.o
                0x004017b0                chThdExitS
 .text.chThdExit
                0x004017f0        0xc build/obj/chthreads.o
                0x004017f0                chThdExit
 *fill*         0x004017fc        0x4 
 .text.chMtxInit
                0x00401800        0xc build/obj/chmtx.o
                0x00401800                chMtxInit
 *fill*         0x0040180c        0x4 
 .text.chEvtSignalFlagsI
                0x00401810       0x30 build/obj/chevents.o
                0x00401810                chEvtSignalFlagsI
 .text.chEvtBroadcastFlagsI
                0x00401840       0x20 build/obj/chevents.o
                0x00401840                chEvtBroadcastFlagsI
 .text.qwait    0x00401860       0x2c build/obj/chqueues.o
 *fill*         0x0040188c        0x4 
 .text.chIQInit
                0x00401890       0x1c build/obj/chqueues.o
                0x00401890                chIQInit
 *fill*         0x004018ac        0x4 
 .text.chIQPutI
                0x004018b0       0x4c build/obj/chqueues.o
                0x004018b0                chIQPutI
 *fill*         0x004018fc        0x4 
 .text.chIQGetTimeout
                0x00401900       0x50 build/obj/chqueues.o
                0x00401900                chIQGetTimeout
 .text.chIQReadTimeout
                0x00401950       0x70 build/obj/chqueues.o
                0x00401950                chIQReadTimeout
 .text.chOQInit
                0x004019c0       0x1c build/obj/chqueues.o
                0x004019c0                chOQInit
 *fill*         0x004019dc        0x4 
 .text.chOQPutTimeout
                0x004019e0       0x54 build/obj/chqueues.o
                0x004019e0                chOQPutTimeout
 *fill*         0x00401a34        0xc 
 .text.chOQGetI
                0x00401a40       0x48 build/obj/chqueues.o
                0x00401a40                chOQGetI
 *fill*         0x00401a88        0x8 
 .text.chOQWriteTimeout
                0x00401a90       0x80 build/obj/chqueues.o
                0x00401a90                chOQWriteTimeout
 .text._core_init
                0x00401b10       0x28 build/obj/chmemcore.o
                0x00401b10                _core_init
 *fill*         0x00401b38        0x8 
 .text.chCoreAlloc
                0x00401b40       0x38 build/obj/chmemcore.o
                0x00401b40                chCoreAlloc
 *fill*         0x00401b78        0x8 
 .text._heap_init
                0x00401b80       0x1c build/obj/chheap.o
                0x00401b80                _heap_init
 *fill*         0x00401b9c        0x4 
 .text.halInit  0x00401ba0       0x1c build/obj/hal.o
                0x00401ba0                halInit
 *fill*         0x00401bbc        0x4 
 .text.putwouldblock
                0x00401bc0        0xc build/obj/serial.o
 *fill*         0x00401bcc        0x4 
 .text.getwouldblock
                0x00401bd0        0xc build/obj/serial.o
 *fill*         0x00401bdc        0x4 
 .text.getflags
                0x00401be0       0x18 build/obj/serial.o
 *fill*         0x00401bf8        0x8 
 .text.readt    0x00401c00        0x8 build/obj/serial.o
 *fill*         0x00401c08        0x8 
 .text.reads    0x00401c10        0xc build/obj/serial.o
 *fill*         0x00401c1c        0x4 
 .text.writet   0x00401c20        0x8 build/obj/serial.o
 *fill*         0x00401c28        0x8 
 .text.writes   0x00401c30        0xc build/obj/serial.o
 *fill*         0x00401c3c        0x4 
 .text.gett     0x00401c40        0x8 build/obj/serial.o
 *fill*         0x00401c48        0x8 
 .text.putt     0x00401c50        0x8 build/obj/serial.o
 *fill*         0x00401c58        0x8 
 .text.sdInit   0x00401c60        0x4 build/obj/serial.o
                0x00401c60                sdInit
 *fill*         0x00401c64        0xc 
 .text.sdObjectInit
                0x00401c70       0x40 build/obj/serial.o
                0x00401c70                sdObjectInit
 .text.sdStart  0x00401cb0       0x1c build/obj/serial.o
                0x00401cb0                sdStart
 *fill*         0x00401ccc        0x4 
 .text.sdIncomingDataI
                0x00401cd0       0x4c build/obj/serial.o
                0x00401cd0                sdIncomingDataI
 *fill*         0x00401d1c        0x4 
 .text.hal_lld_init
                0x00401d20       0x38 build/obj/hal_lld.o
                0x00401d20                hal_lld_init
 *fill*         0x00401d58        0x8 
 .text.at91sam3_clock_init
                0x00401d60        0x4 build/obj/hal_lld.o
                0x00401d60                at91sam3_clock_init
 *fill*         0x00401d64        0xc 
 .text.SystemCoreClockUpdate
                0x00401d70       0xf4 build/obj/system_SAM3.o
                0x00401d70                SystemCoreClockUpdate
 *fill*         0x00401e64        0xc 
 .text.SystemInit
                0x00401e70       0x94 build/obj/system_SAM3.o
                0x00401e70                SystemInit
 *fill*         0x00401f04        0xc 
 .text._pal_lld_init
                0x00401f10       0xb8 build/obj/pal_lld.o
                0x00401f10                _pal_lld_init
 *fill*         0x00401fc8        0x8 
 .text._pal_lld_setgroupmode
                0x00401fd0       0x34 build/obj/pal_lld.o
                0x00401fd0                _pal_lld_setgroupmode
 *fill*         0x00402004        0xc 
 .text.notify1  0x00402010        0xc build/obj/serial_lld.o
 *fill*         0x0040201c        0x4 
 .text.notify2  0x00402020        0xc build/obj/serial_lld.o
 *fill*         0x0040202c        0x4 
 .text.serve_interrupt
                0x00402030       0xa4 build/obj/serial_lld.o
 *fill*         0x004020d4        0xc 
 .text.Vector60
                0x004020e0       0x14 build/obj/serial_lld.o
                0x004020e0                Vector60
 *fill*         0x004020f4        0xc 
 .text.Vector64
                0x00402100       0x14 build/obj/serial_lld.o
                0x00402100                Vector64
 *fill*         0x00402114        0xc 
 .text.sd_lld_init
                0x00402120       0x58 build/obj/serial_lld.o
                0x00402120                sd_lld_init
 *fill*         0x00402178        0x8 
 .text.sd_lld_start
                0x00402180       0xa4 build/obj/serial_lld.o
                0x00402180                sd_lld_start
 *fill*         0x00402224        0xc 
 .text.PIO_Configure
                0x00402230      0x154 build/obj/pio.o
                0x00402230                PIO_Configure
 *fill*         0x00402384        0xc 
 .text.PMC_EnablePeripheral
                0x00402390       0x50 build/obj/pmc.o
                0x00402390                PMC_EnablePeripheral
 .text.unlikely.TWI_WriteByte.part.0
                0x004023e0       0x1c build/obj/atmel_twi.o
 *fill*         0x004023fc        0x4 
 .text.TWI_ConfigureMaster
                0x00402400       0x74 build/obj/atmel_twi.o
                0x00402400                TWI_ConfigureMaster
 *fill*         0x00402474        0xc 
 .text.TWI_Stop
                0x00402480       0x24 build/obj/atmel_twi.o
                0x00402480                TWI_Stop
 *fill*         0x004024a4        0xc 
 .text.TWI_StartRead
                0x004024b0       0x74 build/obj/atmel_twi.o
                0x004024b0                TWI_StartRead
 *fill*         0x00402524        0xc 
 .text.TWI_ReadByte
                0x00402530       0x24 build/obj/atmel_twi.o
                0x00402530                TWI_ReadByte
 *fill*         0x00402554        0xc 
 .text.TWI_WriteByte
                0x00402560        0xc build/obj/atmel_twi.o
                0x00402560                TWI_WriteByte
 *fill*         0x0040256c        0x4 
 .text.TWI_StartWrite
                0x00402570       0x78 build/obj/atmel_twi.o
                0x00402570                TWI_StartWrite
 *fill*         0x004025e8        0x8 
 .text.TWI_ByteReceived
                0x004025f0        0x8 build/obj/atmel_twi.o
                0x004025f0                TWI_ByteReceived
 *fill*         0x004025f8        0x8 
 .text.TWI_ByteSent
                0x00402600        0x8 build/obj/atmel_twi.o
                0x00402600                TWI_ByteSent
 *fill*         0x00402608        0x8 
 .text.TWI_TransferComplete
                0x00402610        0x8 build/obj/atmel_twi.o
                0x00402610                TWI_TransferComplete
 *fill*         0x00402618        0x8 
 .text.TWI_EnableIt
                0x00402620       0x40 build/obj/atmel_twi.o
                0x00402620                TWI_EnableIt
 .text.TWI_SendSTOPCondition
                0x00402660       0x28 build/obj/atmel_twi.o
                0x00402660                TWI_SendSTOPCondition
 *fill*         0x00402688        0x8 
 .text.TWID_Initialize
                0x00402690        0x8 build/obj/atmel_twid.o
                0x00402690                TWID_Initialize
 *fill*         0x00402698        0x8 
 .text.TWID_Read
                0x004026a0      0x10c build/obj/atmel_twid.o
                0x004026a0                TWID_Read
 *fill*         0x004027ac        0x4 
 .text.TWID_Write
                0x004027b0       0xe8 build/obj/atmel_twid.o
                0x004027b0                TWID_Write
 *fill*         0x00402898        0x8 
 .text.__early_init
                0x004028a0       0x10 build/obj/board.o
                0x004028a0                __early_init
 .text.boardInit
                0x004028b0       0x20 build/obj/board.o
                0x004028b0                boardInit
 .text._read_r  0x004028d0        0xc build/obj/syscalls.o
                0x004028d0                _read_r
 *fill*         0x004028dc        0x4 
 .text._lseek_r
                0x004028e0        0x4 build/obj/syscalls.o
                0x004028e0                _lseek_r
 *fill*         0x004028e4        0xc 
 .text._write_r
                0x004028f0        0x4 build/obj/syscalls.o
                0x004028f0                _write_r
 *fill*         0x004028f4        0xc 
 .text._close_r
                0x00402900        0x4 build/obj/syscalls.o
                0x00402900                _close_r
 *fill*         0x00402904        0xc 
 .text._sbrk_r  0x00402910       0x18 build/obj/syscalls.o
                0x00402910                _sbrk_r
 *fill*         0x00402928        0x8 
 .text._fstat_r
                0x00402930       0x18 build/obj/syscalls.o
                0x00402930                _fstat_r
 *fill*         0x00402948        0x8 
 .text._isatty_r
                0x00402950        0x4 build/obj/syscalls.o
                0x00402950                _isatty_r
 *fill*         0x00402954        0xc 
 .text._getpid  0x00402960        0x4 build/obj/syscalls.o
                0x00402960                _getpid
 *fill*         0x00402964        0xc 
 .text._exit    0x00402970        0x4 build/obj/syscalls.o
                0x00402970                _exit
 *fill*         0x00402974        0xc 
 .text._kill    0x00402980        0x8 build/obj/syscalls.o
                0x00402980                _kill
 *fill*         0x00402988        0x8 
 .text._ZN3I2C4InitEv
                0x00402990       0x60 build/obj/i2c.o
                0x00402990                I2C::Init()
 .text._ZN3I2C9WriteByteEhhh
                0x004029f0       0x28 build/obj/i2c.o
                0x004029f0                I2C::WriteByte(unsigned char, unsigned char, unsigned char)
 *fill*         0x00402a18        0x8 
 .text._ZN3I2C8ReadByteEhh
                0x00402a20       0x30 build/obj/i2c.o
                0x00402a20                I2C::ReadByte(unsigned char, unsigned char)
 .text._Z20BOARD_ConfigurePSRAMP3Smc
                0x00402a50       0x30 build/obj/psram.o
                0x00402a50                BOARD_ConfigurePSRAM(Smc*)
 .text._ZN4RTC110rtcSetHourEc
                0x00402a80       0x24 build/obj/rtc.o
                0x00402a80                RTC1::rtcSetHour(char)
 *fill*         0x00402aa4        0xc 
 .text._ZN4RTC113rtcSetMinutesEc
                0x00402ab0       0x24 build/obj/rtc.o
                0x00402ab0                RTC1::rtcSetMinutes(char)
 *fill*         0x00402ad4        0xc 
 .text._ZN4RTC113rtcSetSecondsEc
                0x00402ae0       0x24 build/obj/rtc.o
                0x00402ae0                RTC1::rtcSetSeconds(char)
 *fill*         0x00402b04        0xc 
 .text._ZN4RTC17setTimeEccc
                0x00402b10       0x20 build/obj/rtc.o
                0x00402b10                RTC1::setTime(char, char, char)
 .text._ZN4RTC15resetEv
                0x00402b30       0x1c build/obj/rtc.o
                0x00402b30                RTC1::reset()
 *fill*         0x00402b4c        0x4 
 .text._ZN4RTC1C2EP3I2C
                0x00402b50       0x10 build/obj/rtc.o
                0x00402b50                RTC1::RTC1(I2C*)
                0x00402b50                RTC1::RTC1(I2C*)
 .text._ZN4RTC111createAlarmEcc
                0x00402b60       0x64 build/obj/rtc.o
                0x00402b60                RTC1::createAlarm(char, char)
 *fill*         0x00402bc4        0xc 
 .text._ZN4RTC111checkAlarmsEv
                0x00402bd0       0x50 build/obj/rtc.o
                0x00402bd0                RTC1::checkAlarms()
 .text._ZL9rtcThreadPv
                0x00402c20       0x44 build/obj/main.o
 *fill*         0x00402c64        0xc 
 .text.abort    0x00402c70        0xe /opt/gcc-arm-none-eabi-4_9-2015q3/bin/../lib/gcc/arm-none-eabi/4.9.3/../../../../arm-none-eabi/lib/armv7-m/libc_nano.a(lib_a-abort.o)
                0x00402c70                abort
 *fill*         0x00402c7e        0x2 
 .text.__assert_func
                0x00402c80       0x38 /opt/gcc-arm-none-eabi-4_9-2015q3/bin/../lib/gcc/arm-none-eabi/4.9.3/../../../../arm-none-eabi/lib/armv7-m/libc_nano.a(lib_a-assert.o)
                0x00402c80                __assert_func
 *fill*         0x00402cb8        0x8 
 .text.fprintf  0x00402cc0       0x24 /opt/gcc-arm-none-eabi-4_9-2015q3/bin/../lib/gcc/arm-none-eabi/4.9.3/../../../../arm-none-eabi/lib/armv7-m/libc_nano.a(lib_a-fprintf.o)
                0x00402cc0                fprintf
                0x00402cc0                fiprintf
 *fill*         0x00402ce4        0xc 
 .text.memcpy   0x00402cf0       0x16 /opt/gcc-arm-none-eabi-4_9-2015q3/bin/../lib/gcc/arm-none-eabi/4.9.3/../../../../arm-none-eabi/lib/armv7-m/libc_nano.a(lib_a-memcpy.o)
                0x00402cf0                memcpy
 *fill*         0x00402d06        0xa 
 .text.memset   0x00402d10       0x10 /opt/gcc-arm-none-eabi-4_9-2015q3/bin/../lib/gcc/arm-none-eabi/4.9.3/../../../../arm-none-eabi/lib/armv7-m/libc_nano.a(lib_a-memset.o)
                0x00402d10                memset
 .text.__sfputc_r
                0x00402d20       0x2c /opt/gcc-arm-none-eabi-4_9-2015q3/bin/../lib/gcc/arm-none-eabi/4.9.3/../../../../arm-none-eabi/lib/armv7-m/libc_nano.a(lib_a-nano-vfprintf.o)
 *fill*         0x00402d4c        0x4 
 .text.__sfputs_r
                0x00402d50       0x24 /opt/gcc-arm-none-eabi-4_9-2015q3/bin/../lib/gcc/arm-none-eabi/4.9.3/../../../../arm-none-eabi/lib/armv7-m/libc_nano.a(lib_a-nano-vfprintf.o)
                0x00402d50                __sfputs_r
 *fill*         0x00402d74        0xc 
 .text._vfprintf_r
                0x00402d80      0x210 /opt/gcc-arm-none-eabi-4_9-2015q3/bin/../lib/gcc/arm-none-eabi/4.9.3/../../../../arm-none-eabi/lib/armv7-m/libc_nano.a(lib_a-nano-vfprintf.o)
                0x00402d80                _vfiprintf_r
                0x00402d80                _vfprintf_r
 .text._printf_common
                0x00402f90       0xea /opt/gcc-arm-none-eabi-4_9-2015q3/bin/../lib/gcc/arm-none-eabi/4.9.3/../../../../arm-none-eabi/lib/armv7-m/libc_nano.a(lib_a-nano-vfprintf_i.o)
                0x00402f90                _printf_common
 *fill*         0x0040307a        0x6 
 .text._printf_i
                0x00403080      0x240 /opt/gcc-arm-none-eabi-4_9-2015q3/bin/../lib/gcc/arm-none-eabi/4.9.3/../../../../arm-none-eabi/lib/armv7-m/libc_nano.a(lib_a-nano-vfprintf_i.o)
                0x00403080                _printf_i
 .text._raise_r
                0x004032c0       0x50 /opt/gcc-arm-none-eabi-4_9-2015q3/bin/../lib/gcc/arm-none-eabi/4.9.3/../../../../arm-none-eabi/lib/armv7-m/libc_nano.a(lib_a-signal.o)
                0x004032c0                _raise_r
 .text.raise    0x00403310       0x10 /opt/gcc-arm-none-eabi-4_9-2015q3/bin/../lib/gcc/arm-none-eabi/4.9.3/../../../../arm-none-eabi/lib/armv7-m/libc_nano.a(lib_a-signal.o)
                0x00403310                raise
 .text._kill_r  0x00403320       0x24 /opt/gcc-arm-none-eabi-4_9-2015q3/bin/../lib/gcc/arm-none-eabi/4.9.3/../../../../arm-none-eabi/lib/armv7-m/libc_nano.a(lib_a-signalr.o)
                0x00403320                _kill_r
 *fill*         0x00403344        0xc 
 .text._getpid_r
                0x00403350        0x4 /opt/gcc-arm-none-eabi-4_9-2015q3/bin/../lib/gcc/arm-none-eabi/4.9.3/../../../../arm-none-eabi/lib/armv7-m/libc_nano.a(lib_a-signalr.o)
                0x00403350                _getpid_r
 *fill*         0x00403354        0xc 
 .text.__swbuf_r
                0x00403360       0xa8 /opt/gcc-arm-none-eabi-4_9-2015q3/bin/../lib/gcc/arm-none-eabi/4.9.3/../../../../arm-none-eabi/lib/armv7-m/libc_nano.a(lib_a-wbuf.o)
                0x00403360                __swbuf_r
 *fill*         0x00403408        0x8 
 .text.__swsetup_r
                0x00403410       0xd8 /opt/gcc-arm-none-eabi-4_9-2015q3/bin/../lib/gcc/arm-none-eabi/4.9.3/../../../../arm-none-eabi/lib/armv7-m/libc_nano.a(lib_a-wsetup.o)
                0x00403410                __swsetup_r
 *fill*         0x004034e8        0x8 
 .text.__sflush_r
                0x004034f0      0x106 /opt/gcc-arm-none-eabi-4_9-2015q3/bin/../lib/gcc/arm-none-eabi/4.9.3/../../../../arm-none-eabi/lib/armv7-m/libc_nano.a(lib_a-fflush.o)
                0x004034f0                __sflush_r
 *fill*         0x004035f6        0xa 
 .text._fflush_r
                0x00403600       0x54 /opt/gcc-arm-none-eabi-4_9-2015q3/bin/../lib/gcc/arm-none-eabi/4.9.3/../../../../arm-none-eabi/lib/armv7-m/libc_nano.a(lib_a-fflush.o)
                0x00403600                _fflush_r
 *fill*         0x00403654        0xc 
 .text._cleanup_r
                0x00403660        0xc /opt/gcc-arm-none-eabi-4_9-2015q3/bin/../lib/gcc/arm-none-eabi/4.9.3/../../../../arm-none-eabi/lib/armv7-m/libc_nano.a(lib_a-findfp.o)
                0x00403660                _cleanup_r
 *fill*         0x0040366c        0x4 
 .text.std.isra.0
                0x00403670       0x48 /opt/gcc-arm-none-eabi-4_9-2015q3/bin/../lib/gcc/arm-none-eabi/4.9.3/../../../../arm-none-eabi/lib/armv7-m/libc_nano.a(lib_a-findfp.o)
 *fill*         0x004036b8        0x8 
 .text.__sfmoreglue
                0x004036c0       0x2c /opt/gcc-arm-none-eabi-4_9-2015q3/bin/../lib/gcc/arm-none-eabi/4.9.3/../../../../arm-none-eabi/lib/armv7-m/libc_nano.a(lib_a-findfp.o)
                0x004036c0                __sfmoreglue
 *fill*         0x004036ec        0x4 
 .text.__sinit  0x004036f0       0x60 /opt/gcc-arm-none-eabi-4_9-2015q3/bin/../lib/gcc/arm-none-eabi/4.9.3/../../../../arm-none-eabi/lib/armv7-m/libc_nano.a(lib_a-findfp.o)
                0x004036f0                __sinit
 .text.__sfp    0x00403750       0x74 /opt/gcc-arm-none-eabi-4_9-2015q3/bin/../lib/gcc/arm-none-eabi/4.9.3/../../../../arm-none-eabi/lib/armv7-m/libc_nano.a(lib_a-findfp.o)
                0x00403750                __sfp
 *fill*         0x004037c4        0xc 
 .text._fwalk_reent
                0x004037d0       0x3c /opt/gcc-arm-none-eabi-4_9-2015q3/bin/../lib/gcc/arm-none-eabi/4.9.3/../../../../arm-none-eabi/lib/armv7-m/libc_nano.a(lib_a-fwalk.o)
                0x004037d0                _fwalk_reent
 *fill*         0x0040380c        0x4 
 .text.__smakebuf_r
                0x00403810       0x98 /opt/gcc-arm-none-eabi-4_9-2015q3/bin/../lib/gcc/arm-none-eabi/4.9.3/../../../../arm-none-eabi/lib/armv7-m/libc_nano.a(lib_a-makebuf.o)
                0x00403810                __smakebuf_r
 *fill*         0x004038a8        0x8 
 .text.memchr   0x004038b0       0x1c /opt/gcc-arm-none-eabi-4_9-2015q3/bin/../lib/gcc/arm-none-eabi/4.9.3/../../../../arm-none-eabi/lib/armv7-m/libc_nano.a(lib_a-memchr.o)
                0x004038b0                memchr
 *fill*         0x004038cc        0x4 
 .text._free_r  0x004038d0       0x88 /opt/gcc-arm-none-eabi-4_9-2015q3/bin/../lib/gcc/arm-none-eabi/4.9.3/../../../../arm-none-eabi/lib/armv7-m/libc_nano.a(lib_a-nano-freer.o)
                0x004038d0                _free_r
 *fill*         0x00403958        0x8 
 .text._malloc_r
                0x00403960       0xac /opt/gcc-arm-none-eabi-4_9-2015q3/bin/../lib/gcc/arm-none-eabi/4.9.3/../../../../arm-none-eabi/lib/armv7-m/libc_nano.a(lib_a-nano-mallocr.o)
                0x00403960                _malloc_r
 *fill*         0x00403a0c        0x4 
 .text.__sread  0x00403a10       0x22 /opt/gcc-arm-none-eabi-4_9-2015q3/bin/../lib/gcc/arm-none-eabi/4.9.3/../../../../arm-none-eabi/lib/armv7-m/libc_nano.a(lib_a-stdio.o)
                0x00403a10                __sread
 *fill*         0x00403a32        0xe 
 .text.__swrite
                0x00403a40       0x38 /opt/gcc-arm-none-eabi-4_9-2015q3/bin/../lib/gcc/arm-none-eabi/4.9.3/../../../../arm-none-eabi/lib/armv7-m/libc_nano.a(lib_a-stdio.o)
                0x00403a40                __swrite
 *fill*         0x00403a78        0x8 
 .text.__sseek  0x00403a80       0x24 /opt/gcc-arm-none-eabi-4_9-2015q3/bin/../lib/gcc/arm-none-eabi/4.9.3/../../../../arm-none-eabi/lib/armv7-m/libc_nano.a(lib_a-stdio.o)
                0x00403a80                __sseek
 *fill*         0x00403aa4        0xc 
 .text.__sclose
                0x00403ab0        0x8 /opt/gcc-arm-none-eabi-4_9-2015q3/bin/../lib/gcc/arm-none-eabi/4.9.3/../../../../arm-none-eabi/lib/armv7-m/libc_nano.a(lib_a-stdio.o)
                0x00403ab0                __sclose
 *(.rodata)
 *(.rodata.*)
 *fill*         0x00403ab8        0x8 
 .rodata.str1.4
                0x00403ac0        0xd build/obj/chsys.o
 *fill*         0x00403acd        0x3 
 .rodata.vmt    0x00403ad0       0x24 build/obj/serial.o
 *fill*         0x00403af4        0xc 
 .rodata.default_config
                0x00403b00        0x8 build/obj/serial_lld.o
 *fill*         0x00403b08        0x8 
 .rodata.__func__.4792
                0x00403b10       0x15 build/obj/pmc.o
 *fill*         0x00403b25        0xb 
 .rodata.str1.4
                0x00403b30       0x3e build/obj/pmc.o
 *fill*         0x00403b6e        0x2 
 .rodata.__func__.4883
                0x00403b70        0xf build/obj/atmel_twi.o
 *fill*         0x00403b7f        0x1 
 .rodata.__func__.4915
                0x00403b80       0x16 build/obj/atmel_twi.o
 *fill*         0x00403b96        0xa 
 .rodata.__func__.4840
                0x00403ba0       0x14 build/obj/atmel_twi.o
 *fill*         0x00403bb4        0xc 
 .rodata.__func__.4897
                0x00403bc0        0xd build/obj/atmel_twi.o
 *fill*         0x00403bcd        0x3 
 .rodata.str1.4
                0x00403bd0       0xec build/obj/atmel_twi.o
 *fill*         0x00403cbc        0x4 
 .rodata.__func__.4859
                0x00403cc0        0x9 build/obj/atmel_twi.o
 *fill*         0x00403cc9        0x7 
 .rodata.__func__.4870
                0x00403cd0        0xd build/obj/atmel_twi.o
 *fill*         0x00403cdd        0x3 
 .rodata.__func__.4866
                0x00403ce0        0xe build/obj/atmel_twi.o
 *fill*         0x00403cee        0x2 
 .rodata.__func__.4875
                0x00403cf0        0xe build/obj/atmel_twi.o
 *fill*         0x00403cfe        0x2 
 .rodata.__func__.4895
                0x00403d00        0xa build/obj/atmel_twid.o
 *fill*         0x00403d0a        0x6 
 .rodata.str1.4
                0x00403d10       0x3c build/obj/atmel_twid.o
                                 0x7e (size before relaxing)
 *fill*         0x00403d4c        0x4 
 .rodata.__func__.4917
                0x00403d50        0xb build/obj/atmel_twid.o
 *fill*         0x00403d5b        0x5 
 .rodata.pal_default_config
                0x00403d60       0x24 build/obj/board.o
                0x00403d60                pal_default_config
 *fill*         0x00403d84        0xc 
 .rodata._ZL4pins
                0x00403d90       0x18 build/obj/i2c.o
 *fill*         0x00403da8        0x8 
 .rodata.str1.1
                0x00403db0       0x3c /opt/gcc-arm-none-eabi-4_9-2015q3/bin/../lib/gcc/arm-none-eabi/4.9.3/../../../../arm-none-eabi/lib/armv7-m/libc_nano.a(lib_a-assert.o)
                                 0x3d (size before relaxing)
 *fill*         0x00403dec        0x4 
 .rodata.str1.1
                0x00403df0        0x2 /opt/gcc-arm-none-eabi-4_9-2015q3/bin/../lib/gcc/arm-none-eabi/4.9.3/../../../../arm-none-eabi/lib/armv7-m/libc_nano.a(lib_a-impure.o)
 *fill*         0x00403df2        0xe 
 .rodata._global_impure_ptr
                0x00403e00        0x4 /opt/gcc-arm-none-eabi-4_9-2015q3/bin/../lib/gcc/arm-none-eabi/4.9.3/../../../../arm-none-eabi/lib/armv7-m/libc_nano.a(lib_a-impure.o)
                0x00403e00                _global_impure_ptr
 *fill*         0x00403e04        0xc 
 .rodata.str1.1
                0x00403e10       0x11 /opt/gcc-arm-none-eabi-4_9-2015q3/bin/../lib/gcc/arm-none-eabi/4.9.3/../../../../arm-none-eabi/lib/armv7-m/libc_nano.a(lib_a-nano-vfprintf.o)
 *fill*         0x00403e21        0xf 
 .rodata.str1.1
                0x00403e30       0x22 /opt/gcc-arm-none-eabi-4_9-2015q3/bin/../lib/gcc/arm-none-eabi/4.9.3/../../../../arm-none-eabi/lib/armv7-m/libc_nano.a(lib_a-nano-vfprintf_i.o)
 *fill*         0x00403e52        0xe 
 .rodata.__sf_fake_stdin
                0x00403e60       0x20 /opt/gcc-arm-none-eabi-4_9-2015q3/bin/../lib/gcc/arm-none-eabi/4.9.3/../../../../arm-none-eabi/lib/armv7-m/libc_nano.a(lib_a-findfp.o)
                0x00403e60                __sf_fake_stdin
 .rodata.__sf_fake_stdout
                0x00403e80       0x20 /opt/gcc-arm-none-eabi-4_9-2015q3/bin/../lib/gcc/arm-none-eabi/4.9.3/../../../../arm-none-eabi/lib/armv7-m/libc_nano.a(lib_a-findfp.o)
                0x00403e80                __sf_fake_stdout
 .rodata.__sf_fake_stderr
                0x00403ea0       0x20 /opt/gcc-arm-none-eabi-4_9-2015q3/bin/../lib/gcc/arm-none-eabi/4.9.3/../../../../arm-none-eabi/lib/armv7-m/libc_nano.a(lib_a-findfp.o)
                0x00403ea0                __sf_fake_stderr
 *(.glue_7t)
 .glue_7t       0x00000000        0x0 linker stubs
 *(.glue_7)
 .glue_7        0x00000000        0x0 linker stubs
 *(.gcc*)

.vfp11_veneer   0x00403ec0        0x0
 .vfp11_veneer  0x00000000        0x0 linker stubs

.v4_bx          0x00403ec0        0x0
 .v4_bx         0x00000000        0x0 linker stubs

.iplt           0x00403ec0        0x0
 .iplt          0x00000000        0x0 build/obj/crt0.o

.ARM.extab      0x00403ec0       0x18
 *(.ARM.extab* .gnu.linkonce.armextab.*)
 .ARM.extab     0x00403ec0       0x18 /opt/gcc-arm-none-eabi-4_9-2015q3/bin/../lib/gcc/arm-none-eabi/4.9.3/armv7-m/libgcc.a(pr-support.o)

.ARM.exidx      0x00403ed8      0x118
                0x00403ed8                PROVIDE (__exidx_start, .)
 *(.ARM.exidx* .gnu.linkonce.armexidx.*)
 .ARM.exidx.text._ZN3I2C4InitEv
                0x00403f98        0x8 build/obj/i2c.o
 .ARM.exidx.text._ZN3I2C9WriteByteEhhh
                0x00403fa0        0x8 build/obj/i2c.o
 .ARM.exidx.text._ZN3I2C8ReadByteEhh
                0x00403fa8        0x8 build/obj/i2c.o
 .ARM.exidx.text._Z20BOARD_ConfigurePSRAMP3Smc
                0x00403fb0        0x8 build/obj/psram.o
 .ARM.exidx.text._ZN4RTC110rtcSetHourEc
                0x00403fb8        0x8 build/obj/rtc.o
 .ARM.exidx.text._ZN4RTC113rtcSetMinutesEc
                0x00403fc0        0x0 build/obj/rtc.o
                                  0x8 (size before relaxing)
 .ARM.exidx.text._ZN4RTC113rtcSetSecondsEc
                0x00403fc0        0x0 build/obj/rtc.o
                                  0x8 (size before relaxing)
 .ARM.exidx.text._ZN4RTC17setTimeEccc
                0x00403fc0        0x8 build/obj/rtc.o
 .ARM.exidx.text._ZN4RTC15resetEv
                0x00403fc8        0x8 build/obj/rtc.o
 .ARM.exidx.text._ZN4RTC1C2EP3I2C
                0x00403fd0        0x8 build/obj/rtc.o
 .ARM.exidx.text._ZN4RTC111createAlarmEcc
                0x00403fd8        0x8 build/obj/rtc.o
 .ARM.exidx.text._ZN4RTC111checkAlarmsEv
                0x00403fe0        0x0 build/obj/rtc.o
                                  0x8 (size before relaxing)
 .ARM.exidx.text._ZL9rtcThreadPv
                0x00403fe0       0x10 build/obj/main.o
                                  0x8 (size before relaxing)
 .ARM.exidx.text.startup.main
                0x00403ed8        0x8 build/obj/main.o
 .ARM.exidx     0x00403ee0       0x80 /opt/gcc-arm-none-eabi-4_9-2015q3/bin/../lib/gcc/arm-none-eabi/4.9.3/armv7-m/libgcc.a(unwind-arm.o)
                                 0xd8 (size before relaxing)
 .ARM.exidx     0x00403f60       0x38 /opt/gcc-arm-none-eabi-4_9-2015q3/bin/../lib/gcc/arm-none-eabi/4.9.3/armv7-m/libgcc.a(pr-support.o)
                                 0x48 (size before relaxing)
                0x00403ff0                PROVIDE (__exidx_end, .)

.rel.dyn        0x00403ff0        0x0
 .rel.iplt      0x00000000        0x0 build/obj/crt0.o

.eh_frame_hdr
 *(.eh_frame_hdr)

.eh_frame
 *(.eh_frame)

.textalign      0x00403ff0        0x0
                0x00403ff0                . = ALIGN (0x8)
                0x00403ff0                _etext = .
                0x00403ff0                _textdata = _etext

.stacks         0x20000000      0x800
                0x20000000                . = ALIGN (0x8)
                0x20000000                __main_stack_base__ = .
                0x20000400                . = (. + __main_stack_size__)
 *fill*         0x20000000      0x400 
                0x20000400                . = ALIGN (0x8)
                0x20000400                __main_stack_end__ = .
                0x20000400                __process_stack_base__ = .
                0x20000400                __main_thread_stack_base__ = .
                0x20000800                . = (. + __process_stack_size__)
 *fill*         0x20000400      0x400 
                0x20000800                . = ALIGN (0x8)
                0x20000800                __process_stack_end__ = .
                0x20000800                __main_thread_stack_end__ = .

.data           0x20000800       0x6c load address 0x00403ff0
                0x20000800                . = ALIGN (0x4)
                0x20000800                PROVIDE (_data, .)
 *(.data)
                0x20000800                . = ALIGN (0x4)
 *(.data.*)
 .data.SystemCoreClock
                0x20000800        0x4 build/obj/system_SAM3.o
                0x20000800                SystemCoreClock
 .data.numAlarms
                0x20000804        0x4 build/obj/rtc.o
                0x20000804                numAlarms
 .data.impure_data
                0x20000808       0x60 /opt/gcc-arm-none-eabi-4_9-2015q3/bin/../lib/gcc/arm-none-eabi/4.9.3/../../../../arm-none-eabi/lib/armv7-m/libc_nano.a(lib_a-impure.o)
 .data._impure_ptr
                0x20000868        0x4 /opt/gcc-arm-none-eabi-4_9-2015q3/bin/../lib/gcc/arm-none-eabi/4.9.3/../../../../arm-none-eabi/lib/armv7-m/libc_nano.a(lib_a-impure.o)
                0x20000868                _impure_ptr
                0x2000086c                . = ALIGN (0x4)
 *(.ramtext)
                0x2000086c                . = ALIGN (0x4)
                0x2000086c                PROVIDE (_edata, .)

.igot.plt       0x2000086c        0x0 load address 0x0040405c
 .igot.plt      0x00000000        0x0 build/obj/crt0.o

.bss            0x20000870      0x40c load address 0x0040405c
                0x20000870                . = ALIGN (0x4)
                0x20000870                PROVIDE (_bss_start, .)
 *(.bss)
                0x20000870                . = ALIGN (0x4)
 *(.bss.*)
 .bss.mainthread.4837
                0x20000870       0x48 build/obj/chsys.o
 .bss._idle_thread_wa
                0x200008b8       0xc0 build/obj/chsys.o
                0x200008b8                _idle_thread_wa
 .bss.vtlist    0x20000978       0x10 build/obj/chvt.o
                0x20000978                vtlist
 .bss.rlist     0x20000988       0x20 build/obj/chschd.o
                0x20000988                rlist
 .bss.endmem    0x200009a8        0x4 build/obj/chmemcore.o
 .bss.nextmem   0x200009ac        0x4 build/obj/chmemcore.o
 .bss.default_heap
                0x200009b0       0x20 build/obj/chheap.o
 .bss.SD1       0x200009d0       0x74 build/obj/serial_lld.o
                0x200009d0                SD1
 .bss.SD2       0x20000a44       0x74 build/obj/serial_lld.o
                0x20000a44                SD2
 .bss.i2c       0x20000ab8        0x8 build/obj/main.o
                0x20000ab8                i2c
 .bss._ZL11waRTCThread
                0x20000ac0      0x1b0 build/obj/main.o
 .bss.__malloc_sbrk_start
                0x20000c70        0x4 /opt/gcc-arm-none-eabi-4_9-2015q3/bin/../lib/gcc/arm-none-eabi/4.9.3/../../../../arm-none-eabi/lib/armv7-m/libc_nano.a(lib_a-nano-mallocr.o)
                0x20000c70                __malloc_sbrk_start
 .bss.__malloc_free_list
                0x20000c74        0x4 /opt/gcc-arm-none-eabi-4_9-2015q3/bin/../lib/gcc/arm-none-eabi/4.9.3/../../../../arm-none-eabi/lib/armv7-m/libc_nano.a(lib_a-nano-mallocr.o)
                0x20000c74                __malloc_free_list
                0x20000c78                . = ALIGN (0x4)
 *(COMMON)
 COMMON         0x20000c78        0x4 /opt/gcc-arm-none-eabi-4_9-2015q3/bin/../lib/gcc/arm-none-eabi/4.9.3/../../../../arm-none-eabi/lib/armv7-m/libc_nano.a(lib_a-reent.o)
                0x20000c78                errno
                0x20000c7c                . = ALIGN (0x4)
                0x20000c7c                PROVIDE (_bss_end, .)
                0x20000c7c                PROVIDE (end, .)
                0x20000c7c                _end = .
                0x20000c7c                __heap_base__ = _end
                0x20008000                __heap_end__ = __ram_end__
OUTPUT(build/RTCEmb.elf elf32-littlearm)

.debug_info     0x00000000    0x101bd
 .debug_info    0x00000000      0x2f2 build/obj/crt0.o
 .debug_info    0x000002f2       0xb3 build/obj/vectors.o
 .debug_info    0x000003a5      0x815 build/obj/chcore_v7m.o
 .debug_info    0x00000bba      0x3ff build/obj/nvic.o
 .debug_info    0x00000fb9      0x6bf build/obj/chsys.o
 .debug_info    0x00001678      0x262 build/obj/chvt.o
 .debug_info    0x000018da      0x8d3 build/obj/chschd.o
 .debug_info    0x000021ad      0xbe1 build/obj/chthreads.o
 .debug_info    0x00002d8e      0x9ec build/obj/chmtx.o
 .debug_info    0x0000377a      0xcc8 build/obj/chevents.o
 .debug_info    0x00004442      0xbb3 build/obj/chqueues.o
 .debug_info    0x00004ff5      0x218 build/obj/chmemcore.o
 .debug_info    0x0000520d      0x6db build/obj/chheap.o
 .debug_info    0x000058e8      0x188 build/obj/hal.o
 .debug_info    0x00005a70     0x10e9 build/obj/serial.o
 .debug_info    0x00006b59      0x177 build/obj/hal_lld.o
 .debug_info    0x00006cd0      0x42e build/obj/system_SAM3.o
 .debug_info    0x000070fe      0x88c build/obj/pal_lld.o
 .debug_info    0x0000798a     0x1594 build/obj/serial_lld.o
 .debug_info    0x00008f1e      0x9e9 build/obj/pio.o
 .debug_info    0x00009907      0x5a8 build/obj/pmc.o
 .debug_info    0x00009eaf      0xb97 build/obj/atmel_twi.o
 .debug_info    0x0000aa46      0xa20 build/obj/atmel_twid.o
 .debug_info    0x0000b466      0x6b3 build/obj/board.o
 .debug_info    0x0000bb19      0xc8d build/obj/syscalls.o
 .debug_info    0x0000c7a6     0x1028 build/obj/i2c.o
 .debug_info    0x0000d7ce      0x22e build/obj/psram.o
 .debug_info    0x0000d9fc     0x10e8 build/obj/rtc.o
 .debug_info    0x0000eae4     0x16d9 build/obj/main.o

.debug_abbrev   0x00000000     0x3a33
 .debug_abbrev  0x00000000      0x13a build/obj/crt0.o
 .debug_abbrev  0x0000013a       0x75 build/obj/vectors.o
 .debug_abbrev  0x000001af      0x23f build/obj/chcore_v7m.o
 .debug_abbrev  0x000003ee      0x10e build/obj/nvic.o
 .debug_abbrev  0x000004fc      0x211 build/obj/chsys.o
 .debug_abbrev  0x0000070d      0x133 build/obj/chvt.o
 .debug_abbrev  0x00000840      0x311 build/obj/chschd.o
 .debug_abbrev  0x00000b51      0x335 build/obj/chthreads.o
 .debug_abbrev  0x00000e86      0x303 build/obj/chmtx.o
 .debug_abbrev  0x00001189      0x2c2 build/obj/chevents.o
 .debug_abbrev  0x0000144b      0x335 build/obj/chqueues.o
 .debug_abbrev  0x00001780      0x15b build/obj/chmemcore.o
 .debug_abbrev  0x000018db      0x1e7 build/obj/chheap.o
 .debug_abbrev  0x00001ac2      0x10a build/obj/hal.o
 .debug_abbrev  0x00001bcc      0x2c0 build/obj/serial.o
 .debug_abbrev  0x00001e8c      0x114 build/obj/hal_lld.o
 .debug_abbrev  0x00001fa0       0xe3 build/obj/system_SAM3.o
 .debug_abbrev  0x00002083      0x11b build/obj/pal_lld.o
 .debug_abbrev  0x0000219e      0x3c2 build/obj/serial_lld.o
 .debug_abbrev  0x00002560      0x1f4 build/obj/pio.o
 .debug_abbrev  0x00002754      0x15e build/obj/pmc.o
 .debug_abbrev  0x000028b2      0x21a build/obj/atmel_twi.o
 .debug_abbrev  0x00002acc      0x22c build/obj/atmel_twid.o
 .debug_abbrev  0x00002cf8      0x15a build/obj/board.o
 .debug_abbrev  0x00002e52      0x23a build/obj/syscalls.o
 .debug_abbrev  0x0000308c      0x22e build/obj/i2c.o
 .debug_abbrev  0x000032ba      0x110 build/obj/psram.o
 .debug_abbrev  0x000033ca      0x30c build/obj/rtc.o
 .debug_abbrev  0x000036d6      0x35d build/obj/main.o

.debug_loc      0x00000000     0x485d
 .debug_loc     0x00000000       0xba build/obj/crt0.o
 .debug_loc     0x000000ba       0x5a build/obj/chcore_v7m.o
 .debug_loc     0x00000114      0x158 build/obj/nvic.o
 .debug_loc     0x0000026c       0x31 build/obj/chsys.o
 .debug_loc     0x0000029d       0xd9 build/obj/chvt.o
 .debug_loc     0x00000376      0x2a4 build/obj/chschd.o
 .debug_loc     0x0000061a      0x423 build/obj/chthreads.o
 .debug_loc     0x00000a3d      0x41a build/obj/chmtx.o
 .debug_loc     0x00000e57      0x591 build/obj/chevents.o
 .debug_loc     0x000013e8      0x4f5 build/obj/chqueues.o
 .debug_loc     0x000018dd       0xb0 build/obj/chmemcore.o
 .debug_loc     0x0000198d      0x3a1 build/obj/chheap.o
 .debug_loc     0x00001d2e      0x4e0 build/obj/serial.o
 .debug_loc     0x0000220e       0x42 build/obj/pal_lld.o
 .debug_loc     0x00002250      0x299 build/obj/serial_lld.o
 .debug_loc     0x000024e9      0x39a build/obj/pio.o
 .debug_loc     0x00002883      0x269 build/obj/pmc.o
 .debug_loc     0x00002aec      0x83c build/obj/atmel_twi.o
 .debug_loc     0x00003328      0x8f6 build/obj/atmel_twid.o
 .debug_loc     0x00003c1e      0x1a4 build/obj/syscalls.o
 .debug_loc     0x00003dc2      0x254 build/obj/i2c.o
 .debug_loc     0x00004016       0x50 build/obj/psram.o
 .debug_loc     0x00004066      0x7b7 build/obj/rtc.o
 .debug_loc     0x0000481d       0x40 build/obj/main.o

.debug_aranges  0x00000000      0x8a8
 .debug_aranges
                0x00000000       0x38 build/obj/crt0.o
 .debug_aranges
                0x00000038       0x20 build/obj/vectors.o
 .debug_aranges
                0x00000058       0x50 build/obj/chcore_v7m.o
 .debug_aranges
                0x000000a8       0x30 build/obj/nvic.o
 .debug_aranges
                0x000000d8       0x30 build/obj/chsys.o
 .debug_aranges
                0x00000108       0x38 build/obj/chvt.o
 .debug_aranges
                0x00000140       0x58 build/obj/chschd.o
 .debug_aranges
                0x00000198       0x78 build/obj/chthreads.o
 .debug_aranges
                0x00000210       0x58 build/obj/chmtx.o
 .debug_aranges
                0x00000268       0x90 build/obj/chevents.o
 .debug_aranges
                0x000002f8       0x70 build/obj/chqueues.o
 .debug_aranges
                0x00000368       0x38 build/obj/chmemcore.o
 .debug_aranges
                0x000003a0       0x40 build/obj/chheap.o
 .debug_aranges
                0x000003e0       0x20 build/obj/hal.o
 .debug_aranges
                0x00000400       0x90 build/obj/serial.o
 .debug_aranges
                0x00000490       0x28 build/obj/hal_lld.o
 .debug_aranges
                0x000004b8       0x28 build/obj/system_SAM3.o
 .debug_aranges
                0x000004e0       0x28 build/obj/pal_lld.o
 .debug_aranges
                0x00000508       0x58 build/obj/serial_lld.o
 .debug_aranges
                0x00000560       0x48 build/obj/pio.o
 .debug_aranges
                0x000005a8       0x60 build/obj/pmc.o
 .debug_aranges
                0x00000608       0x98 build/obj/atmel_twi.o
 .debug_aranges
                0x000006a0       0x38 build/obj/atmel_twid.o
 .debug_aranges
                0x000006d8       0x28 build/obj/board.o
 .debug_aranges
                0x00000700       0x68 build/obj/syscalls.o
 .debug_aranges
                0x00000768       0x48 build/obj/i2c.o
 .debug_aranges
                0x000007b0       0x20 build/obj/psram.o
 .debug_aranges
                0x000007d0       0xb0 build/obj/rtc.o
 .debug_aranges
                0x00000880       0x28 build/obj/main.o

.debug_ranges   0x00000000      0xd98
 .debug_ranges  0x00000000       0x58 build/obj/crt0.o
 .debug_ranges  0x00000058       0x10 build/obj/vectors.o
 .debug_ranges  0x00000068       0x58 build/obj/chcore_v7m.o
 .debug_ranges  0x000000c0       0x20 build/obj/nvic.o
 .debug_ranges  0x000000e0       0x38 build/obj/chsys.o
 .debug_ranges  0x00000118       0x28 build/obj/chvt.o
 .debug_ranges  0x00000140      0x110 build/obj/chschd.o
 .debug_ranges  0x00000250      0x130 build/obj/chthreads.o
 .debug_ranges  0x00000380      0x1a0 build/obj/chmtx.o
 .debug_ranges  0x00000520       0xe0 build/obj/chevents.o
 .debug_ranges  0x00000600       0xc0 build/obj/chqueues.o
 .debug_ranges  0x000006c0       0x28 build/obj/chmemcore.o
 .debug_ranges  0x000006e8       0x30 build/obj/chheap.o
 .debug_ranges  0x00000718       0x10 build/obj/hal.o
 .debug_ranges  0x00000728       0xc8 build/obj/serial.o
 .debug_ranges  0x000007f0       0x18 build/obj/hal_lld.o
 .debug_ranges  0x00000808       0x18 build/obj/system_SAM3.o
 .debug_ranges  0x00000820       0x18 build/obj/pal_lld.o
 .debug_ranges  0x00000838       0x78 build/obj/serial_lld.o
 .debug_ranges  0x000008b0       0xb0 build/obj/pio.o
 .debug_ranges  0x00000960       0x50 build/obj/pmc.o
 .debug_ranges  0x000009b0       0x88 build/obj/atmel_twi.o
 .debug_ranges  0x00000a38       0x28 build/obj/atmel_twid.o
 .debug_ranges  0x00000a60       0x18 build/obj/board.o
 .debug_ranges  0x00000a78       0x58 build/obj/syscalls.o
 .debug_ranges  0x00000ad0       0xb0 build/obj/i2c.o
 .debug_ranges  0x00000b80       0x10 build/obj/psram.o
 .debug_ranges  0x00000b90      0x1f0 build/obj/rtc.o
 .debug_ranges  0x00000d80       0x18 build/obj/main.o

.debug_line     0x00000000     0x4743
 .debug_line    0x00000000      0x15e build/obj/crt0.o
 .debug_line    0x0000015e       0x72 build/obj/vectors.o
 .debug_line    0x000001d0      0x243 build/obj/chcore_v7m.o
 .debug_line    0x00000413      0x13f build/obj/nvic.o
 .debug_line    0x00000552      0x251 build/obj/chsys.o
 .debug_line    0x000007a3      0x1b9 build/obj/chvt.o
 .debug_line    0x0000095c      0x323 build/obj/chschd.o
 .debug_line    0x00000c7f      0x3f0 build/obj/chthreads.o
 .debug_line    0x0000106f      0x387 build/obj/chmtx.o
 .debug_line    0x000013f6      0x32a build/obj/chevents.o
 .debug_line    0x00001720      0x3ac build/obj/chqueues.o
 .debug_line    0x00001acc      0x199 build/obj/chmemcore.o
 .debug_line    0x00001c65      0x2cb build/obj/chheap.o
 .debug_line    0x00001f30      0x1a5 build/obj/hal.o
 .debug_line    0x000020d5      0x41c build/obj/serial.o
 .debug_line    0x000024f1      0x16f build/obj/hal_lld.o
 .debug_line    0x00002660      0x1e2 build/obj/system_SAM3.o
 .debug_line    0x00002842      0x20f build/obj/pal_lld.o
 .debug_line    0x00002a51      0x45b build/obj/serial_lld.o
 .debug_line    0x00002eac      0x23b build/obj/pio.o
 .debug_line    0x000030e7      0x2f3 build/obj/pmc.o
 .debug_line    0x000033da      0x32e build/obj/atmel_twi.o
 .debug_line    0x00003708      0x2c4 build/obj/atmel_twid.o
 .debug_line    0x000039cc      0x1df build/obj/board.o
 .debug_line    0x00003bab      0x1fb build/obj/syscalls.o
 .debug_line    0x00003da6      0x1cf build/obj/i2c.o
 .debug_line    0x00003f75      0x16a build/obj/psram.o
 .debug_line    0x000040df      0x305 build/obj/rtc.o
 .debug_line    0x000043e4      0x35f build/obj/main.o

.debug_str      0x00000000     0x28ce
 .debug_str     0x00000000      0x2e2 build/obj/crt0.o
                                0x332 (size before relaxing)
 .debug_str     0x000002e2       0x58 build/obj/vectors.o
                                0x212 (size before relaxing)
 .debug_str     0x0000033a      0x2db build/obj/chcore_v7m.o
                                0x4e3 (size before relaxing)
 .debug_str     0x00000615       0xaa build/obj/nvic.o
                                0x2fd (size before relaxing)
 .debug_str     0x000006bf      0x11b build/obj/chsys.o
                                0x4ce (size before relaxing)
 .debug_str     0x000007da       0x58 build/obj/chvt.o
                                0x2ac (size before relaxing)
 .debug_str     0x00000832       0xb2 build/obj/chschd.o
                                0x4bb (size before relaxing)
 .debug_str     0x000008e4       0xdf build/obj/chthreads.o
                                0x555 (size before relaxing)
 .debug_str     0x000009c3       0x96 build/obj/chmtx.o
                                0x475 (size before relaxing)
 .debug_str     0x00000a59      0x185 build/obj/chevents.o
                                0x553 (size before relaxing)
 .debug_str     0x00000bde      0x12b build/obj/chqueues.o
                                0x4f4 (size before relaxing)
 .debug_str     0x00000d09       0x7c build/obj/chmemcore.o
                                0x273 (size before relaxing)
 .debug_str     0x00000d85       0xbf build/obj/chheap.o
                                0x454 (size before relaxing)
 .debug_str     0x00000e44       0xb5 build/obj/hal.o
                                0x283 (size before relaxing)
 .debug_str     0x00000ef9      0x25d build/obj/serial.o
                                0x73f (size before relaxing)
 .debug_str     0x00001156       0x99 build/obj/hal_lld.o
                                0x29e (size before relaxing)
 .debug_str     0x000011ef      0x1e2 build/obj/system_SAM3.o
                                0x405 (size before relaxing)
 .debug_str     0x000013d1      0x2f8 build/obj/pal_lld.o
                                0x67f (size before relaxing)
 .debug_str     0x000016c9      0x250 build/obj/serial_lld.o
                                0xc87 (size before relaxing)
 .debug_str     0x00001919      0x14e build/obj/pio.o
                                0x61a (size before relaxing)
 .debug_str     0x00001a67      0x136 build/obj/pmc.o
                                0x47a (size before relaxing)
 .debug_str     0x00001b9d      0x22c build/obj/atmel_twi.o
                                0x451 (size before relaxing)
 .debug_str     0x00001dc9       0xca build/obj/atmel_twid.o
                                0x48d (size before relaxing)
 .debug_str     0x00001e93       0x27 build/obj/board.o
                                0x5ab (size before relaxing)
 .debug_str     0x00001eba      0x4db build/obj/syscalls.o
                                0x709 (size before relaxing)
 .debug_str     0x00002395      0x1a0 build/obj/i2c.o
                                0x7de (size before relaxing)
 .debug_str     0x00002535       0xb9 build/obj/psram.o
                                0x2dd (size before relaxing)
 .debug_str     0x000025ee      0x27b build/obj/rtc.o
                                0x635 (size before relaxing)
 .debug_str     0x00002869       0x65 build/obj/main.o
                                0xdae (size before relaxing)

.comment        0x00000000       0x70
 .comment       0x00000000       0x70 build/obj/crt0.o
                                 0x71 (size before relaxing)
 .comment       0x00000000       0x71 build/obj/vectors.o
 .comment       0x00000000       0x71 build/obj/chcore_v7m.o
 .comment       0x00000000       0x71 build/obj/nvic.o
 .comment       0x00000000       0x71 build/obj/chsys.o
 .comment       0x00000000       0x71 build/obj/chvt.o
 .comment       0x00000000       0x71 build/obj/chschd.o
 .comment       0x00000000       0x71 build/obj/chthreads.o
 .comment       0x00000000       0x71 build/obj/chmtx.o
 .comment       0x00000000       0x71 build/obj/chevents.o
 .comment       0x00000000       0x71 build/obj/chqueues.o
 .comment       0x00000000       0x71 build/obj/chmemcore.o
 .comment       0x00000000       0x71 build/obj/chheap.o
 .comment       0x00000000       0x71 build/obj/hal.o
 .comment       0x00000000       0x71 build/obj/serial.o
 .comment       0x00000000       0x71 build/obj/hal_lld.o
 .comment       0x00000000       0x71 build/obj/system_SAM3.o
 .comment       0x00000000       0x71 build/obj/pal_lld.o
 .comment       0x00000000       0x71 build/obj/serial_lld.o
 .comment       0x00000000       0x71 build/obj/pio.o
 .comment       0x00000000       0x71 build/obj/pmc.o
 .comment       0x00000000       0x71 build/obj/atmel_twi.o
 .comment       0x00000000       0x71 build/obj/atmel_twid.o
 .comment       0x00000000       0x71 build/obj/board.o
 .comment       0x00000000       0x71 build/obj/syscalls.o
 .comment       0x00000000       0x71 build/obj/i2c.o
 .comment       0x00000000       0x71 build/obj/psram.o
 .comment       0x00000000       0x71 build/obj/rtc.o
 .comment       0x00000000       0x71 build/obj/main.o

.ARM.attributes
                0x00000000       0x33
 .ARM.attributes
                0x00000000       0x33 build/obj/crt0.o
 .ARM.attributes
                0x00000033       0x33 build/obj/vectors.o
 .ARM.attributes
                0x00000066       0x33 build/obj/chcore_v7m.o
 .ARM.attributes
                0x00000099       0x33 build/obj/nvic.o
 .ARM.attributes
                0x000000cc       0x33 build/obj/chsys.o
 .ARM.attributes
                0x000000ff       0x33 build/obj/chvt.o
 .ARM.attributes
                0x00000132       0x33 build/obj/chschd.o
 .ARM.attributes
                0x00000165       0x33 build/obj/chthreads.o
 .ARM.attributes
                0x00000198       0x33 build/obj/chmtx.o
 .ARM.attributes
                0x000001cb       0x33 build/obj/chevents.o
 .ARM.attributes
                0x000001fe       0x33 build/obj/chqueues.o
 .ARM.attributes
                0x00000231       0x33 build/obj/chmemcore.o
 .ARM.attributes
                0x00000264       0x33 build/obj/chheap.o
 .ARM.attributes
                0x00000297       0x33 build/obj/hal.o
 .ARM.attributes
                0x000002ca       0x33 build/obj/serial.o
 .ARM.attributes
                0x000002fd       0x33 build/obj/hal_lld.o
 .ARM.attributes
                0x00000330       0x33 build/obj/system_SAM3.o
 .ARM.attributes
                0x00000363       0x33 build/obj/pal_lld.o
 .ARM.attributes
                0x00000396       0x33 build/obj/serial_lld.o
 .ARM.attributes
                0x000003c9       0x33 build/obj/pio.o
 .ARM.attributes
                0x000003fc       0x33 build/obj/pmc.o
 .ARM.attributes
                0x0000042f       0x33 build/obj/atmel_twi.o
 .ARM.attributes
                0x00000462       0x33 build/obj/atmel_twid.o
 .ARM.attributes
                0x00000495       0x33 build/obj/board.o
 .ARM.attributes
                0x000004c8       0x33 build/obj/syscalls.o
 .ARM.attributes
                0x000004fb       0x33 build/obj/i2c.o
 .ARM.attributes
                0x0000052e       0x33 build/obj/psram.o
 .ARM.attributes
                0x00000561       0x33 build/obj/rtc.o
 .ARM.attributes
                0x00000594       0x33 build/obj/main.o
 .ARM.attributes
                0x000005c7       0x2d /opt/gcc-arm-none-eabi-4_9-2015q3/bin/../lib/gcc/arm-none-eabi/4.9.3/../../../../arm-none-eabi/lib/armv7-m/libc_nano.a(lib_a-abort.o)
 .ARM.attributes
                0x000005f4       0x2d /opt/gcc-arm-none-eabi-4_9-2015q3/bin/../lib/gcc/arm-none-eabi/4.9.3/../../../../arm-none-eabi/lib/armv7-m/libc_nano.a(lib_a-assert.o)
 .ARM.attributes
                0x00000621       0x2d /opt/gcc-arm-none-eabi-4_9-2015q3/bin/../lib/gcc/arm-none-eabi/4.9.3/../../../../arm-none-eabi/lib/armv7-m/libc_nano.a(lib_a-fprintf.o)
 .ARM.attributes
                0x0000064e       0x2d /opt/gcc-arm-none-eabi-4_9-2015q3/bin/../lib/gcc/arm-none-eabi/4.9.3/../../../../arm-none-eabi/lib/armv7-m/libc_nano.a(lib_a-impure.o)
 .ARM.attributes
                0x0000067b       0x2d /opt/gcc-arm-none-eabi-4_9-2015q3/bin/../lib/gcc/arm-none-eabi/4.9.3/../../../../arm-none-eabi/lib/armv7-m/libc_nano.a(lib_a-memset.o)
 .ARM.attributes
                0x000006a8       0x2d /opt/gcc-arm-none-eabi-4_9-2015q3/bin/../lib/gcc/arm-none-eabi/4.9.3/../../../../arm-none-eabi/lib/armv7-m/libc_nano.a(lib_a-nano-vfprintf.o)
 .ARM.attributes
                0x000006d5       0x2d /opt/gcc-arm-none-eabi-4_9-2015q3/bin/../lib/gcc/arm-none-eabi/4.9.3/../../../../arm-none-eabi/lib/armv7-m/libc_nano.a(lib_a-nano-vfprintf_i.o)
 .ARM.attributes
                0x00000702       0x2d /opt/gcc-arm-none-eabi-4_9-2015q3/bin/../lib/gcc/arm-none-eabi/4.9.3/../../../../arm-none-eabi/lib/armv7-m/libc_nano.a(lib_a-signal.o)
 .ARM.attributes
                0x0000072f       0x2d /opt/gcc-arm-none-eabi-4_9-2015q3/bin/../lib/gcc/arm-none-eabi/4.9.3/../../../../arm-none-eabi/lib/armv7-m/libc_nano.a(lib_a-signalr.o)
 .ARM.attributes
                0x0000075c       0x2d /opt/gcc-arm-none-eabi-4_9-2015q3/bin/../lib/gcc/arm-none-eabi/4.9.3/../../../../arm-none-eabi/lib/armv7-m/libc_nano.a(lib_a-wbuf.o)
 .ARM.attributes
                0x00000789       0x2d /opt/gcc-arm-none-eabi-4_9-2015q3/bin/../lib/gcc/arm-none-eabi/4.9.3/../../../../arm-none-eabi/lib/armv7-m/libc_nano.a(lib_a-wsetup.o)
 .ARM.attributes
                0x000007b6       0x2d /opt/gcc-arm-none-eabi-4_9-2015q3/bin/../lib/gcc/arm-none-eabi/4.9.3/../../../../arm-none-eabi/lib/armv7-m/libc_nano.a(lib_a-fflush.o)
 .ARM.attributes
                0x000007e3       0x2d /opt/gcc-arm-none-eabi-4_9-2015q3/bin/../lib/gcc/arm-none-eabi/4.9.3/../../../../arm-none-eabi/lib/armv7-m/libc_nano.a(lib_a-findfp.o)
 .ARM.attributes
                0x00000810       0x2d /opt/gcc-arm-none-eabi-4_9-2015q3/bin/../lib/gcc/arm-none-eabi/4.9.3/../../../../arm-none-eabi/lib/armv7-m/libc_nano.a(lib_a-fwalk.o)
 .ARM.attributes
                0x0000083d       0x2d /opt/gcc-arm-none-eabi-4_9-2015q3/bin/../lib/gcc/arm-none-eabi/4.9.3/../../../../arm-none-eabi/lib/armv7-m/libc_nano.a(lib_a-makebuf.o)
 .ARM.attributes
                0x0000086a       0x2d /opt/gcc-arm-none-eabi-4_9-2015q3/bin/../lib/gcc/arm-none-eabi/4.9.3/../../../../arm-none-eabi/lib/armv7-m/libc_nano.a(lib_a-memchr.o)
 .ARM.attributes
                0x00000897       0x2d /opt/gcc-arm-none-eabi-4_9-2015q3/bin/../lib/gcc/arm-none-eabi/4.9.3/../../../../arm-none-eabi/lib/armv7-m/libc_nano.a(lib_a-nano-freer.o)
 .ARM.attributes
                0x000008c4       0x2d /opt/gcc-arm-none-eabi-4_9-2015q3/bin/../lib/gcc/arm-none-eabi/4.9.3/../../../../arm-none-eabi/lib/armv7-m/libc_nano.a(lib_a-nano-mallocr.o)
 .ARM.attributes
                0x000008f1       0x2d /opt/gcc-arm-none-eabi-4_9-2015q3/bin/../lib/gcc/arm-none-eabi/4.9.3/../../../../arm-none-eabi/lib/armv7-m/libc_nano.a(lib_a-reent.o)
 .ARM.attributes
                0x0000091e       0x2d /opt/gcc-arm-none-eabi-4_9-2015q3/bin/../lib/gcc/arm-none-eabi/4.9.3/../../../../arm-none-eabi/lib/armv7-m/libc_nano.a(lib_a-stdio.o)

.debug_frame    0x00000000     0x1ce8
 .debug_frame   0x00000000       0x50 build/obj/crt0.o
 .debug_frame   0x00000050       0x20 build/obj/vectors.o
 .debug_frame   0x00000070       0xa0 build/obj/chcore_v7m.o
 .debug_frame   0x00000110       0x74 build/obj/nvic.o
 .debug_frame   0x00000184       0x5c build/obj/chsys.o
 .debug_frame   0x000001e0       0x5c build/obj/chvt.o
 .debug_frame   0x0000023c      0x128 build/obj/chschd.o
 .debug_frame   0x00000364      0x18c build/obj/chthreads.o
 .debug_frame   0x000004f0       0xf4 build/obj/chmtx.o
 .debug_frame   0x000005e4      0x1c4 build/obj/chevents.o
 .debug_frame   0x000007a8      0x188 build/obj/chqueues.o
 .debug_frame   0x00000930       0x68 build/obj/chmemcore.o
 .debug_frame   0x00000998       0xb4 build/obj/chheap.o
 .debug_frame   0x00000a4c       0x30 build/obj/hal.o
 .debug_frame   0x00000a7c      0x160 build/obj/serial.o
 .debug_frame   0x00000bdc       0x3c build/obj/hal_lld.o
 .debug_frame   0x00000c18       0x58 build/obj/system_SAM3.o
 .debug_frame   0x00000c70       0x48 build/obj/pal_lld.o
 .debug_frame   0x00000cb8      0x108 build/obj/serial_lld.o
 .debug_frame   0x00000dc0       0x80 build/obj/pio.o
 .debug_frame   0x00000e40      0x108 build/obj/pmc.o
 .debug_frame   0x00000f48      0x1b8 build/obj/atmel_twi.o
 .debug_frame   0x00001100       0xdc build/obj/atmel_twid.o
 .debug_frame   0x000011dc       0x3c build/obj/board.o
 .debug_frame   0x00001218       0xc8 build/obj/syscalls.o
 .debug_frame   0x000012e0       0xec build/obj/i2c.o
 .debug_frame   0x000013cc       0x2c build/obj/psram.o
 .debug_frame   0x000013f8      0x1c4 build/obj/rtc.o
 .debug_frame   0x000015bc       0x50 build/obj/main.o
 .debug_frame   0x0000160c       0x28 /opt/gcc-arm-none-eabi-4_9-2015q3/bin/../lib/gcc/arm-none-eabi/4.9.3/../../../../arm-none-eabi/lib/armv7-m/libc_nano.a(lib_a-abort.o)
 .debug_frame   0x00001634       0x40 /opt/gcc-arm-none-eabi-4_9-2015q3/bin/../lib/gcc/arm-none-eabi/4.9.3/../../../../arm-none-eabi/lib/armv7-m/libc_nano.a(lib_a-assert.o)
 .debug_frame   0x00001674       0x64 /opt/gcc-arm-none-eabi-4_9-2015q3/bin/../lib/gcc/arm-none-eabi/4.9.3/../../../../arm-none-eabi/lib/armv7-m/libc_nano.a(lib_a-fprintf.o)
 .debug_frame   0x000016d8       0x20 /opt/gcc-arm-none-eabi-4_9-2015q3/bin/../lib/gcc/arm-none-eabi/4.9.3/../../../../arm-none-eabi/lib/armv7-m/libc_nano.a(lib_a-memset.o)
 .debug_frame   0x000016f8       0xb8 /opt/gcc-arm-none-eabi-4_9-2015q3/bin/../lib/gcc/arm-none-eabi/4.9.3/../../../../arm-none-eabi/lib/armv7-m/libc_nano.a(lib_a-nano-vfprintf.o)
 .debug_frame   0x000017b0       0x58 /opt/gcc-arm-none-eabi-4_9-2015q3/bin/../lib/gcc/arm-none-eabi/4.9.3/../../../../arm-none-eabi/lib/armv7-m/libc_nano.a(lib_a-nano-vfprintf_i.o)
 .debug_frame   0x00001808       0xcc /opt/gcc-arm-none-eabi-4_9-2015q3/bin/../lib/gcc/arm-none-eabi/4.9.3/../../../../arm-none-eabi/lib/armv7-m/libc_nano.a(lib_a-signal.o)
 .debug_frame   0x000018d4       0x3c /opt/gcc-arm-none-eabi-4_9-2015q3/bin/../lib/gcc/arm-none-eabi/4.9.3/../../../../arm-none-eabi/lib/armv7-m/libc_nano.a(lib_a-signalr.o)
 .debug_frame   0x00001910       0x3c /opt/gcc-arm-none-eabi-4_9-2015q3/bin/../lib/gcc/arm-none-eabi/4.9.3/../../../../arm-none-eabi/lib/armv7-m/libc_nano.a(lib_a-wbuf.o)
 .debug_frame   0x0000194c       0x2c /opt/gcc-arm-none-eabi-4_9-2015q3/bin/../lib/gcc/arm-none-eabi/4.9.3/../../../../arm-none-eabi/lib/armv7-m/libc_nano.a(lib_a-wsetup.o)
 .debug_frame   0x00001978       0x68 /opt/gcc-arm-none-eabi-4_9-2015q3/bin/../lib/gcc/arm-none-eabi/4.9.3/../../../../arm-none-eabi/lib/armv7-m/libc_nano.a(lib_a-fflush.o)
 .debug_frame   0x000019e0      0x11c /opt/gcc-arm-none-eabi-4_9-2015q3/bin/../lib/gcc/arm-none-eabi/4.9.3/../../../../arm-none-eabi/lib/armv7-m/libc_nano.a(lib_a-findfp.o)
 .debug_frame   0x00001afc       0x54 /opt/gcc-arm-none-eabi-4_9-2015q3/bin/../lib/gcc/arm-none-eabi/4.9.3/../../../../arm-none-eabi/lib/armv7-m/libc_nano.a(lib_a-fwalk.o)
 .debug_frame   0x00001b50       0x34 /opt/gcc-arm-none-eabi-4_9-2015q3/bin/../lib/gcc/arm-none-eabi/4.9.3/../../../../arm-none-eabi/lib/armv7-m/libc_nano.a(lib_a-makebuf.o)
 .debug_frame   0x00001b84       0x28 /opt/gcc-arm-none-eabi-4_9-2015q3/bin/../lib/gcc/arm-none-eabi/4.9.3/../../../../arm-none-eabi/lib/armv7-m/libc_nano.a(lib_a-memchr.o)
 .debug_frame   0x00001bac       0x2c /opt/gcc-arm-none-eabi-4_9-2015q3/bin/../lib/gcc/arm-none-eabi/4.9.3/../../../../arm-none-eabi/lib/armv7-m/libc_nano.a(lib_a-nano-freer.o)
 .debug_frame   0x00001bd8       0x2c /opt/gcc-arm-none-eabi-4_9-2015q3/bin/../lib/gcc/arm-none-eabi/4.9.3/../../../../arm-none-eabi/lib/armv7-m/libc_nano.a(lib_a-nano-mallocr.o)
 .debug_frame   0x00001c04       0x5c /opt/gcc-arm-none-eabi-4_9-2015q3/bin/../lib/gcc/arm-none-eabi/4.9.3/../../../../arm-none-eabi/lib/armv7-m/libc_nano.a(lib_a-reent.o)
 .debug_frame   0x00001c60       0x88 /opt/gcc-arm-none-eabi-4_9-2015q3/bin/../lib/gcc/arm-none-eabi/4.9.3/../../../../arm-none-eabi/lib/armv7-m/libc_nano.a(lib_a-stdio.o)

Cross Reference Table

Symbol                                            File
ADC_CfgChannelMode                                build/obj/atmel_adc.o
ADC_CfgLowRes                                     build/obj/atmel_adc.o
ADC_CfgPowerSave                                  build/obj/atmel_adc.o
ADC_CfgTiming                                     build/obj/atmel_adc.o
ADC_CfgTrigering                                  build/obj/atmel_adc.o
ADC_GetConvertedData                              build/obj/atmel_adc.o
ADC_Initialize                                    build/obj/atmel_adc.o
ADC_IsChannelInterruptStatusSet                   build/obj/atmel_adc.o
ADC_IsInterruptMasked                             build/obj/atmel_adc.o
ADC_IsStatusSet                                   build/obj/atmel_adc.o
ADC_ReadBuffer                                    build/obj/atmel_adc.o
ADC_SetCompareChannel                             build/obj/atmel_adc.o
ADC_SetCompareMode                                build/obj/atmel_adc.o
ADC_SetComparisonWindow                           build/obj/atmel_adc.o
ADC_cfgFrequency                                  build/obj/atmel_adc.o
ADC_check                                         build/obj/atmel_adc.o
BOARD_ConfigurePSRAM(Smc*)                        build/obj/psram.o
                                                  build/obj/main.o
BusFaultVector                                    build/obj/vectors.o
ConfigurePck                                      build/obj/pmc.o
DebugMonitorVector                                build/obj/vectors.o
HardFaultVector                                   build/obj/vectors.o
I2C::Init()                                       build/obj/i2c.o
                                                  build/obj/main.o
I2C::ReadByte(unsigned char)                      build/obj/i2c.o
I2C::ReadByte(unsigned char, unsigned char)       build/obj/i2c.o
                                                  build/obj/rtc.o
I2C::ReadBytes(unsigned char, unsigned char, unsigned char*, unsigned char) build/obj/i2c.o
                                                  build/obj/rtc.o
I2C::WriteByte(unsigned char, unsigned char)      build/obj/i2c.o
I2C::WriteByte(unsigned char, unsigned char, unsigned char) build/obj/i2c.o
                                                  build/obj/rtc.o
MemManageVector                                   build/obj/vectors.o
NMIVector                                         build/obj/vectors.o
PIO_Clear                                         build/obj/pio.o
PIO_Configure                                     build/obj/pio.o
                                                  build/obj/i2c.o
PIO_Get                                           build/obj/pio.o
PIO_GetOutputDataStatus                           build/obj/pio.o
PIO_Set                                           build/obj/pio.o
PIO_SetDebounceFilter                             build/obj/pio.o
PMC_DisableAllPeripherals                         build/obj/pmc.o
PMC_DisablePeripheral                             build/obj/pmc.o
PMC_EnableAllPeripherals                          build/obj/pmc.o
PMC_EnablePeripheral                              build/obj/pmc.o
                                                  build/obj/psram.o
                                                  build/obj/pio.o
PMC_IsPeriphEnabled                               build/obj/pmc.o
PendSVVector                                      build/obj/vectors.o
PmcConfigurePllClock                              build/obj/pmc.o
PmcMainClockSwitchMainOsc                         build/obj/pmc.o
PmcMasterClockSelection                           build/obj/pmc.o
RTC1::RTC1(I2C*)                                  build/obj/rtc.o
                                                  build/obj/main.o
RTC1::RTC1(I2C*)                                  build/obj/rtc.o
RTC1::bcd2bin(unsigned char)                      build/obj/rtc.o
RTC1::bcdToDec(unsigned long)                     build/obj/rtc.o
RTC1::bin2bcd(unsigned char)                      build/obj/rtc.o
RTC1::checkAlarms()                               build/obj/rtc.o
                                                  build/obj/main.o
RTC1::createAlarm(char, char)                     build/obj/rtc.o
                                                  build/obj/main.o
RTC1::decimalToBCD(char)                          build/obj/rtc.o
RTC1::read(unsigned char)                         build/obj/rtc.o
RTC1::read(unsigned char, unsigned char*, unsigned char) build/obj/rtc.o
RTC1::readMem(char)                               build/obj/rtc.o
RTC1::reset()                                     build/obj/rtc.o
RTC1::rtcGetHour()                                build/obj/rtc.o
RTC1::rtcGetMinutes()                             build/obj/rtc.o
RTC1::rtcGetSeconds()                             build/obj/rtc.o
RTC1::rtcSetHour(char)                            build/obj/rtc.o
RTC1::rtcSetMinutes(char)                         build/obj/rtc.o
RTC1::rtcSetSeconds(char)                         build/obj/rtc.o
RTC1::setTime(char, char, char)                   build/obj/rtc.o
                                                  build/obj/main.o
RTC1::write(unsigned char, unsigned char)         build/obj/rtc.o
ResetHandler                                      build/obj/crt0.o
                                                  build/obj/vectors.o
SD1                                               build/obj/serial_lld.o
SD2                                               build/obj/serial_lld.o
                                                  build/obj/main.o
                                                  build/obj/atmel_adc.o
SVCallVector                                      build/obj/chcore_v7m.o
                                                  build/obj/vectors.o
SysTickVector                                     build/obj/chcore_v7m.o
                                                  build/obj/vectors.o
SystemCoreClock                                   build/obj/system_SAM3.o
                                                  build/obj/serial_lld.o
                                                  build/obj/hal_lld.o
SystemCoreClockUpdate                             build/obj/system_SAM3.o
                                                  build/obj/serial_lld.o
                                                  build/obj/hal_lld.o
SystemInit                                        build/obj/system_SAM3.o
                                                  build/obj/hal_lld.o
TWID_Handler                                      build/obj/atmel_twid.o
TWID_Initialize                                   build/obj/atmel_twid.o
                                                  build/obj/i2c.o
TWID_Read                                         build/obj/atmel_twid.o
                                                  build/obj/i2c.o
TWID_Write                                        build/obj/atmel_twid.o
                                                  build/obj/i2c.o
TWI_ByteReceived                                  build/obj/atmel_twi.o
                                                  build/obj/atmel_twid.o
TWI_ByteSent                                      build/obj/atmel_twi.o
                                                  build/obj/atmel_twid.o
TWI_ConfigureMaster                               build/obj/atmel_twi.o
                                                  build/obj/i2c.o
TWI_ConfigureSlave                                build/obj/atmel_twi.o
TWI_DisableIt                                     build/obj/atmel_twi.o
                                                  build/obj/atmel_twid.o
TWI_EnableIt                                      build/obj/atmel_twi.o
                                                  build/obj/atmel_twid.o
TWI_GetMaskedStatus                               build/obj/atmel_twi.o
                                                  build/obj/atmel_twid.o
TWI_GetStatus                                     build/obj/atmel_twi.o
TWI_ReadByte                                      build/obj/atmel_twi.o
                                                  build/obj/atmel_twid.o
TWI_SendSTOPCondition                             build/obj/atmel_twi.o
                                                  build/obj/atmel_twid.o
TWI_StartRead                                     build/obj/atmel_twi.o
                                                  build/obj/atmel_twid.o
TWI_StartWrite                                    build/obj/atmel_twi.o
                                                  build/obj/atmel_twid.o
TWI_Stop                                          build/obj/atmel_twi.o
                                                  build/obj/atmel_twid.o
TWI_TransferComplete                              build/obj/atmel_twi.o
                                                  build/obj/atmel_twid.o
TWI_WriteByte                                     build/obj/atmel_twi.o
                                                  build/obj/atmel_twid.o
UsageFaultVector                                  build/obj/vectors.o
Vector1C                                          build/obj/vectors.o
Vector20                                          build/obj/vectors.o
Vector24                                          build/obj/vectors.o
Vector28                                          build/obj/vectors.o
Vector34                                          build/obj/vectors.o
Vector40                                          build/obj/vectors.o
Vector44                                          build/obj/vectors.o
Vector48                                          build/obj/vectors.o
Vector4C                                          build/obj/vectors.o
Vector50                                          build/obj/vectors.o
Vector54                                          build/obj/vectors.o
Vector58                                          build/obj/vectors.o
Vector5C                                          build/obj/vectors.o
Vector60                                          build/obj/serial_lld.o
                                                  build/obj/vectors.o
Vector64                                          build/obj/serial_lld.o
                                                  build/obj/vectors.o
Vector68                                          build/obj/vectors.o
Vector6C                                          build/obj/vectors.o
Vector70                                          build/obj/vectors.o
Vector74                                          build/obj/vectors.o
Vector78                                          build/obj/vectors.o
Vector7C                                          build/obj/vectors.o
Vector80                                          build/obj/vectors.o
Vector84                                          build/obj/vectors.o
Vector88                                          build/obj/vectors.o
Vector8C                                          build/obj/vectors.o
Vector90                                          build/obj/vectors.o
Vector94                                          build/obj/vectors.o
Vector98                                          build/obj/vectors.o
Vector9C                                          build/obj/vectors.o
VectorA0                                          build/obj/vectors.o
VectorA4                                          build/obj/vectors.o
VectorA8                                          build/obj/vectors.o
VectorAC                                          build/obj/vectors.o
VectorB0                                          build/obj/vectors.o
VectorB4                                          build/obj/vectors.o
VectorB8                                          build/obj/vectors.o
VectorBC                                          build/obj/vectors.o
VectorC0                                          build/obj/vectors.o
VectorC4                                          build/obj/vectors.o
VectorC8                                          build/obj/vectors.o
VectorCC                                          build/obj/vectors.o
_Unwind_Backtrace                                 /opt/gcc-arm-none-eabi-4_9-2015q3/bin/../lib/gcc/arm-none-eabi/4.9.3/armv7-m/libgcc.a(libunwind.o)
_Unwind_Complete                                  /opt/gcc-arm-none-eabi-4_9-2015q3/bin/../lib/gcc/arm-none-eabi/4.9.3/armv7-m/libgcc.a(unwind-arm.o)
_Unwind_DeleteException                           /opt/gcc-arm-none-eabi-4_9-2015q3/bin/../lib/gcc/arm-none-eabi/4.9.3/armv7-m/libgcc.a(unwind-arm.o)
_Unwind_ForcedUnwind                              /opt/gcc-arm-none-eabi-4_9-2015q3/bin/../lib/gcc/arm-none-eabi/4.9.3/armv7-m/libgcc.a(libunwind.o)
_Unwind_GetCFA                                    /opt/gcc-arm-none-eabi-4_9-2015q3/bin/../lib/gcc/arm-none-eabi/4.9.3/armv7-m/libgcc.a(unwind-arm.o)
_Unwind_GetDataRelBase                            /opt/gcc-arm-none-eabi-4_9-2015q3/bin/../lib/gcc/arm-none-eabi/4.9.3/armv7-m/libgcc.a(pr-support.o)
_Unwind_GetLanguageSpecificData                   /opt/gcc-arm-none-eabi-4_9-2015q3/bin/../lib/gcc/arm-none-eabi/4.9.3/armv7-m/libgcc.a(pr-support.o)
_Unwind_GetRegionStart                            /opt/gcc-arm-none-eabi-4_9-2015q3/bin/../lib/gcc/arm-none-eabi/4.9.3/armv7-m/libgcc.a(pr-support.o)
_Unwind_GetTextRelBase                            /opt/gcc-arm-none-eabi-4_9-2015q3/bin/../lib/gcc/arm-none-eabi/4.9.3/armv7-m/libgcc.a(pr-support.o)
_Unwind_RaiseException                            /opt/gcc-arm-none-eabi-4_9-2015q3/bin/../lib/gcc/arm-none-eabi/4.9.3/armv7-m/libgcc.a(libunwind.o)
_Unwind_Resume                                    /opt/gcc-arm-none-eabi-4_9-2015q3/bin/../lib/gcc/arm-none-eabi/4.9.3/armv7-m/libgcc.a(libunwind.o)
_Unwind_Resume_or_Rethrow                         /opt/gcc-arm-none-eabi-4_9-2015q3/bin/../lib/gcc/arm-none-eabi/4.9.3/armv7-m/libgcc.a(libunwind.o)
_Unwind_VRS_Get                                   /opt/gcc-arm-none-eabi-4_9-2015q3/bin/../lib/gcc/arm-none-eabi/4.9.3/armv7-m/libgcc.a(unwind-arm.o)
                                                  /opt/gcc-arm-none-eabi-4_9-2015q3/bin/../lib/gcc/arm-none-eabi/4.9.3/armv7-m/libgcc.a(pr-support.o)
_Unwind_VRS_Pop                                   /opt/gcc-arm-none-eabi-4_9-2015q3/bin/../lib/gcc/arm-none-eabi/4.9.3/armv7-m/libgcc.a(unwind-arm.o)
                                                  /opt/gcc-arm-none-eabi-4_9-2015q3/bin/../lib/gcc/arm-none-eabi/4.9.3/armv7-m/libgcc.a(pr-support.o)
_Unwind_VRS_Set                                   /opt/gcc-arm-none-eabi-4_9-2015q3/bin/../lib/gcc/arm-none-eabi/4.9.3/armv7-m/libgcc.a(unwind-arm.o)
                                                  /opt/gcc-arm-none-eabi-4_9-2015q3/bin/../lib/gcc/arm-none-eabi/4.9.3/armv7-m/libgcc.a(pr-support.o)
___Unwind_Backtrace                               /opt/gcc-arm-none-eabi-4_9-2015q3/bin/../lib/gcc/arm-none-eabi/4.9.3/armv7-m/libgcc.a(libunwind.o)
___Unwind_ForcedUnwind                            /opt/gcc-arm-none-eabi-4_9-2015q3/bin/../lib/gcc/arm-none-eabi/4.9.3/armv7-m/libgcc.a(libunwind.o)
___Unwind_RaiseException                          /opt/gcc-arm-none-eabi-4_9-2015q3/bin/../lib/gcc/arm-none-eabi/4.9.3/armv7-m/libgcc.a(libunwind.o)
___Unwind_Resume                                  /opt/gcc-arm-none-eabi-4_9-2015q3/bin/../lib/gcc/arm-none-eabi/4.9.3/armv7-m/libgcc.a(libunwind.o)
___Unwind_Resume_or_Rethrow                       /opt/gcc-arm-none-eabi-4_9-2015q3/bin/../lib/gcc/arm-none-eabi/4.9.3/armv7-m/libgcc.a(libunwind.o)
__aeabi_unwind_cpp_pr0                            /opt/gcc-arm-none-eabi-4_9-2015q3/bin/../lib/gcc/arm-none-eabi/4.9.3/armv7-m/libgcc.a(unwind-arm.o)
                                                  /opt/gcc-arm-none-eabi-4_9-2015q3/bin/../lib/gcc/arm-none-eabi/4.9.3/armv7-m/libgcc.a(pr-support.o)
                                                  build/obj/main.o
                                                  build/obj/rtc.o
                                                  build/obj/psram.o
                                                  build/obj/i2c.o
__aeabi_unwind_cpp_pr1                            /opt/gcc-arm-none-eabi-4_9-2015q3/bin/../lib/gcc/arm-none-eabi/4.9.3/armv7-m/libgcc.a(unwind-arm.o)
                                                  /opt/gcc-arm-none-eabi-4_9-2015q3/bin/../lib/gcc/arm-none-eabi/4.9.3/armv7-m/libgcc.a(pr-support.o)
                                                  build/obj/rtc.o
__aeabi_unwind_cpp_pr2                            /opt/gcc-arm-none-eabi-4_9-2015q3/bin/../lib/gcc/arm-none-eabi/4.9.3/armv7-m/libgcc.a(unwind-arm.o)
__assert                                          /opt/gcc-arm-none-eabi-4_9-2015q3/bin/../lib/gcc/arm-none-eabi/4.9.3/../../../../arm-none-eabi/lib/armv7-m/libc_nano.a(lib_a-assert.o)
__assert_func                                     /opt/gcc-arm-none-eabi-4_9-2015q3/bin/../lib/gcc/arm-none-eabi/4.9.3/../../../../arm-none-eabi/lib/armv7-m/libc_nano.a(lib_a-assert.o)
                                                  build/obj/atmel_twid.o
                                                  build/obj/atmel_twi.o
                                                  build/obj/pmc.o
                                                  build/obj/atmel_adc.o
__cxa_begin_cleanup                               /opt/gcc-arm-none-eabi-4_9-2015q3/bin/../lib/gcc/arm-none-eabi/4.9.3/armv7-m/libgcc.a(unwind-arm.o)
__cxa_call_unexpected                             /opt/gcc-arm-none-eabi-4_9-2015q3/bin/../lib/gcc/arm-none-eabi/4.9.3/armv7-m/libgcc.a(unwind-arm.o)
__cxa_type_match                                  /opt/gcc-arm-none-eabi-4_9-2015q3/bin/../lib/gcc/arm-none-eabi/4.9.3/armv7-m/libgcc.a(unwind-arm.o)
__early_init                                      build/obj/board.o
                                                  build/obj/crt0.o
__exidx_end                                       /opt/gcc-arm-none-eabi-4_9-2015q3/bin/../lib/gcc/arm-none-eabi/4.9.3/armv7-m/libgcc.a(unwind-arm.o)
__exidx_start                                     /opt/gcc-arm-none-eabi-4_9-2015q3/bin/../lib/gcc/arm-none-eabi/4.9.3/armv7-m/libgcc.a(unwind-arm.o)
__fini_array_end                                  build/obj/crt0.o
__fini_array_start                                build/obj/crt0.o
__fp_lock_all                                     /opt/gcc-arm-none-eabi-4_9-2015q3/bin/../lib/gcc/arm-none-eabi/4.9.3/../../../../arm-none-eabi/lib/armv7-m/libc_nano.a(lib_a-findfp.o)
__fp_unlock_all                                   /opt/gcc-arm-none-eabi-4_9-2015q3/bin/../lib/gcc/arm-none-eabi/4.9.3/../../../../arm-none-eabi/lib/armv7-m/libc_nano.a(lib_a-findfp.o)
__gnu_Unwind_Backtrace                            /opt/gcc-arm-none-eabi-4_9-2015q3/bin/../lib/gcc/arm-none-eabi/4.9.3/armv7-m/libgcc.a(unwind-arm.o)
                                                  /opt/gcc-arm-none-eabi-4_9-2015q3/bin/../lib/gcc/arm-none-eabi/4.9.3/armv7-m/libgcc.a(libunwind.o)
__gnu_Unwind_Find_exidx                           /opt/gcc-arm-none-eabi-4_9-2015q3/bin/../lib/gcc/arm-none-eabi/4.9.3/armv7-m/libgcc.a(unwind-arm.o)
__gnu_Unwind_ForcedUnwind                         /opt/gcc-arm-none-eabi-4_9-2015q3/bin/../lib/gcc/arm-none-eabi/4.9.3/armv7-m/libgcc.a(unwind-arm.o)
                                                  /opt/gcc-arm-none-eabi-4_9-2015q3/bin/../lib/gcc/arm-none-eabi/4.9.3/armv7-m/libgcc.a(libunwind.o)
__gnu_Unwind_RaiseException                       /opt/gcc-arm-none-eabi-4_9-2015q3/bin/../lib/gcc/arm-none-eabi/4.9.3/armv7-m/libgcc.a(unwind-arm.o)
                                                  /opt/gcc-arm-none-eabi-4_9-2015q3/bin/../lib/gcc/arm-none-eabi/4.9.3/armv7-m/libgcc.a(libunwind.o)
__gnu_Unwind_Restore_VFP                          /opt/gcc-arm-none-eabi-4_9-2015q3/bin/../lib/gcc/arm-none-eabi/4.9.3/armv7-m/libgcc.a(libunwind.o)
                                                  /opt/gcc-arm-none-eabi-4_9-2015q3/bin/../lib/gcc/arm-none-eabi/4.9.3/armv7-m/libgcc.a(unwind-arm.o)
__gnu_Unwind_Restore_VFP_D                        /opt/gcc-arm-none-eabi-4_9-2015q3/bin/../lib/gcc/arm-none-eabi/4.9.3/armv7-m/libgcc.a(libunwind.o)
                                                  /opt/gcc-arm-none-eabi-4_9-2015q3/bin/../lib/gcc/arm-none-eabi/4.9.3/armv7-m/libgcc.a(unwind-arm.o)